../Core/Src/tim.c:33:6:MX_TIM3_Init	48	static
../Core/Src/tim.c:81:6:MX_TIM6_Init	24	static
../Core/Src/tim.c:114:6:MX_TIM16_Init	8	static
../Core/Src/tim.c:141:6:MX_TIM17_Init	88	static
../Core/Src/tim.c:199:6:HAL_TIM_PWM_MspInit	24	static
../Core/Src/tim.c:215:6:HAL_TIM_Base_MspInit	32	static
../Core/Src/tim.c:260:6:HAL_TIM_MspPostInit	56	static
../Core/Src/tim.c:309:6:HAL_TIM_PWM_MspDeInit	16	static
../Core/Src/tim.c:325:6:HAL_TIM_Base_MspDeInit	16	static
../Core/Src/tim.c:372:6:set_x_pwm	16	static
../Core/Src/tim.c:387:6:set_y_pwm	16	static
../Core/Src/tim.c:397:6:set_contrast	16	static
../Core/Src/tim.c:402:6:new_pwm_freq	16	static
