../Core/Src/hd44780.c:257:13:Delay_us	0	static,ignoring_inline_asm
../Core/Src/hd44780.c:340:13:HD44780_InitPins	8	static
../Core/Src/hd44780.c:299:13:HD44780_Cmd4bit	16	static
../Core/Src/hd44780.c:279:13:HD44780_Cmd	8	static
../Core/Src/hd44780.c:289:13:HD44780_Data	8	static
../Core/Src/hd44780.c:97:6:HD44780_Clear	8	static
../Core/Src/hd44780.c:144:6:HD44780_DisplayOn	8	static
../Core/Src/hd44780.c:36:6:HD44780_Init	16	static
../Core/Src/hd44780.c:155:6:HD44780_DisplayOff	8	static
../Core/Src/hd44780.c:166:6:HD44780_BlinkOn	8	static
../Core/Src/hd44780.c:177:6:HD44780_BlinkOff	8	static
../Core/Src/hd44780.c:188:6:HD44780_CursorOn	8	static
../Core/Src/hd44780.c:199:6:HD44780_CursorOff	8	static
../Core/Src/hd44780.c:210:6:HD44780_ScrollLeft	8	static
../Core/Src/hd44780.c:220:6:HD44780_ScrollRight	8	static
../Core/Src/hd44780.c:231:6:HD44780_CreateChar	16	static
../Core/Src/hd44780.c:23:6:dsp_init	8	static
../Core/Src/hd44780.c:321:6:HD44780_CursorSet	16	static
../Core/Src/hd44780.c:110:6:HD44780_Puts	8	static
../Core/Src/hd44780.c:249:6:HD44780_PutCustom	8	static
