../Core/Src/modbus_slave.c:442:13:modbus_rx_timeout	0	static
../Core/Src/modbus_slave.c:465:17:crc16_init	0	static
../Core/Src/modbus_slave.c:479:17:crc16_update	0	static
../Core/Src/modbus_slave.c:503:17:crc16_get	0	static
../Core/Src/modbus_slave.c:195:27:modbus_tx	24	static
../Core/Src/modbus_slave.c:148:13:modbus_open	8	static
../Core/Src/modbus_slave.c:447:13:modbus_reset	8	static
../Core/Src/modbus_slave.c:368:27:modbus_rx	32	static
../Core/Src/modbus_slave.c:47:6:modbus_slave	16	static
../Core/Src/modbus_slave.c:176:6:modbus_close	8	static
