../Drivers/CMSIS/Include/core_cm0plus.h:985:34:__NVIC_SystemReset	0	static,ignoring_inline_asm
../Core/Src/shell.c:815:13:shell_strcmp	0	static
../Core/Src/shell.c:838:13:shell_cmdline_init	8	static
../Core/Src/shell.c:869:13:shell_cmdline_add	8	static
../Core/Src/shell.c:1155:13:shell_next_argv	8	static
../Core/Src/shell.c:1191:13:sh_help	16	static
../Core/Src/shell.c:1674:13:sh_kd	8	static
../Core/Src/shell.c:2147:13:sh_stop	8	static
../Core/Src/shell.c:2156:13:sh_hang	8	static
../Core/Src/shell.c:2371:6:sh_ver	24	static
../Core/Src/shell.c:2026:6:f_result	24	static
../Core/Src/shell.c:558:13:shell_getc	24	static
../Core/Src/shell.c:898:13:shell_cmdline_get	16	static
../Core/Src/shell.c:920:13:shell_cmdline_get_prev	8	static
../Core/Src/shell.c:941:13:shell_cmdline_get_next	8	static
../Core/Src/shell.c:1136:13:shell_tabline_get	16	static
../Core/Src/shell.c:1109:13:shell_tabline_find	24	static
../Core/Src/shell.c:2389:13:sh_dsp_init	8	static
../Core/Src/shell.c:1207:13:sh_reboot	8	static
../Core/Src/shell.c:2355:13:sh_desync	8	static
../Core/Src/shell.c:2131:13:sh_posy	16	static
../Core/Src/shell.c:2115:13:sh_posx	16	static
../Core/Src/shell.c:1991:13:sh_pwmfreq	24	static
../Core/Src/shell.c:1852:13:sh_maxwm	16	static
../Core/Src/shell.c:1799:13:sh_minpwm	16	static
../Core/Src/shell.c:1739:13:sh_turnback	24	static
../Core/Src/shell.c:1825:13:sh_sundown	16	static
../Core/Src/shell.c:1771:13:sh_debounce	16	static
../Core/Src/shell.c:2076:13:sh_remote	24	static
../Core/Src/shell.c:1935:13:sh_tracking	16	static
../Core/Src/shell.c:1712:13:sh_pids	16	static
../Core/Src/shell.c:1686:13:sh_pidt	16	static
../Core/Src/shell.c:1648:13:sh_ki	16	static
../Core/Src/shell.c:1502:13:sh_kp	24	static
../Core/Src/shell.c:1476:13:sh_hysty	16	static
../Core/Src/shell.c:1450:13:sh_hystx	16	static
../Core/Src/shell.c:1424:13:sh_stepsy	16	static
../Core/Src/shell.c:1398:13:sh_stepsx	16	static
../Core/Src/shell.c:1908:13:sh_contrast	16	static
../Core/Src/shell.c:1964:13:sh_hours	56	static
../Core/Src/shell.c:2062:13:sh_serial	16	static
../Core/Src/shell.c:1613:13:sh_gps_debug	16	static
../Core/Src/shell.c:1523:13:f_gps	8	static
../Core/Src/shell.c:1329:13:sh_inputs	24	static
../Core/Src/shell.c:1541:13:sh_targettime	48	static
../Core/Src/shell.c:2185:13:sh_ymin	8	static
../Core/Src/shell.c:2178:13:sh_ymax	8	static
../Core/Src/shell.c:2172:13:sh_xmin	8	static
../Core/Src/shell.c:2166:13:sh_xmax	8	static
../Core/Src/shell.c:2347:13:sh_save_park	8	static
../Core/Src/shell.c:2289:13:sh_save_target	16	static
../Core/Src/shell.c:2284:13:sh_save_sun	8	static
../Core/Src/shell.c:2270:13:sh_move_ccw	16	static
../Core/Src/shell.c:2256:13:sh_move_cw	16	static
../Core/Src/shell.c:2242:13:sh_move_down	16	static
../Core/Src/shell.c:2228:13:sh_move_up	16	static
../Core/Src/shell.c:2191:13:sh_follow_sun	8	static
../Core/Src/shell.c:2202:13:sh_set_target	24	static
../Core/Src/shell.c:2040:13:sh_phase	8	static
../Core/Src/shell.c:2015:13:sh_scan	8	static
../Core/Src/shell.c:2324:13:sh_ee_read	280	static
../Core/Src/shell.c:2305:13:sh_ee_write	280	static
../Core/Src/shell.c:1878:13:sh_windpulse	24	static
../Core/Src/shell.c:1385:13:sh_factory	8	static
../Core/Src/shell.c:1363:13:printlist	56	static
../Core/Src/shell.c:1348:13:sh_list	16	static
../Core/Src/shell.c:1254:13:sh_show	56	static
../Core/Src/shell.c:1222:13:sh_time	72	static
../Core/Src/shell.c:958:13:shell_cmdline_execute	16	static
../Core/Src/shell.c:220:6:shell_open	8	static
../Core/Src/shell.c:247:6:shell_close	8	static
../Core/Src/shell.c:259:6:shell_process	24	static
