../Core/Src/tim.c:148:6:MX_TIM6_Init	24	static
../Core/Src/tim.c:181:6:MX_TIM16_Init	8	static
../Core/Src/tim.c:208:6:HAL_TIM_PWM_MspInit	96	static
../Core/Src/tim.c:247:6:HAL_TIM_Base_MspInit	16	static
../Core/Src/tim.c:283:6:HAL_TIM_MspPostInit	40	static
../Core/Src/tim.c:33:6:MX_TIM1_Init	104	static
../Core/Src/tim.c:100:6:MX_TIM3_Init	48	static
../Core/Src/tim.c:332:6:HAL_TIM_PWM_MspDeInit	0	static
../Core/Src/tim.c:359:6:HAL_TIM_Base_MspDeInit	8	static
../Core/Src/tim.c:402:6:set_x_pwm	0	static
../Core/Src/tim.c:413:6:set_y_pwm	0	static
../Core/Src/tim.c:421:6:set_contrast	0	static
../Core/Src/tim.c:426:6:new_pwm_freq	8	static
