../Drivers/CMSIS/Include/core_cm0plus.h:985:34:__NVIC_SystemReset	0	static,ignoring_inline_asm
../Core/Src/uart_sci.c:415:6:dummy_printf	0	static
../Core/Src/uart_sci.c:419:6:dummy_getch	0	static
../Core/Src/uart_sci.c:423:6:dummy_putsn	0	static
../Core/Src/uart_sci.c:427:6:dummy_putc	0	static
../Core/Src/uart_sci.c:431:6:dummy_puts	0	static
../Core/Src/uart_sci.c:1087:13:isr_handler	32	static
../Core/Src/uart_sci.c:1165:13:sci_init	0	static
../Core/Src/uart_sci.c:1362:13:sci_putc	12	static,ignoring_inline_asm
../Core/Src/uart_sci.c:391:6:sci1_putc	8	static
../Core/Src/uart_sci.c:1394:13:sci_puts	16	static
../Core/Src/uart_sci.c:395:6:sci1_puts	8	static
../Core/Src/uart_sci.c:292:13:f_sci1	8	static
../Core/Src/uart_sci.c:1412:13:sci_putsn	16	static
../Core/Src/uart_sci.c:399:6:sci1_putsn	8	static
../Core/Src/uart_sci.c:1477:13:sci_getc	12	static,ignoring_inline_asm
../Core/Src/uart_sci.c:387:6:sci1_getch	8	static
../Core/Src/uart_sci.c:403:6:sci1_printf	272	static
../Core/Src/uart_sci.c:345:6:init_sci	8	static
../Core/Src/uart_sci.c:383:6:sci1_callback	8	static
../Core/Src/uart_sci.c:437:6:shell_use_sci1	0	static
../Core/Src/uart_sci.c:451:6:shell_use_modbus	0	static
../Core/Src/uart_sci.c:473:6:sci2_callback	8	static
../Core/Src/uart_sci.c:477:6:sci2_getch	8	static
../Core/Src/uart_sci.c:481:6:sci2_putc	8	static
../Core/Src/uart_sci.c:485:6:sci2_puts	8	static
../Core/Src/uart_sci.c:489:6:sci2_putsn	8	static
../Core/Src/uart_sci.c:493:6:sci2_printf	272	static
../Core/Src/uart_sci.c:653:6:sci6_callback	8	static
../Core/Src/uart_sci.c:657:6:sci6_getch	8	static
../Core/Src/uart_sci.c:661:6:sci6_putc	8	static
../Core/Src/uart_sci.c:665:6:sci6_puts	8	static
../Core/Src/uart_sci.c:669:6:sci6_putsn	8	static
../Core/Src/uart_sci.c:673:6:sci6_printf	272	static
