../Drivers/CMSIS/Include/core_cm0plus.h:985:34:__NVIC_SystemReset	8	static,ignoring_inline_asm
../Core/Src/shell.c:220:6:shell_open	8	static
../Core/Src/shell.c:247:6:shell_close	8	static
../Core/Src/shell.c:259:6:shell_process	48	static
../Core/Src/shell.c:558:13:shell_getc	24	static
../Core/Src/shell.c:815:13:shell_strcmp	16	static
../Core/Src/shell.c:838:13:shell_cmdline_init	32	static
../Core/Src/shell.c:869:13:shell_cmdline_add	32	static
../Core/Src/shell.c:898:13:shell_cmdline_get	32	static
../Core/Src/shell.c:920:13:shell_cmdline_get_prev	16	static
../Core/Src/shell.c:941:13:shell_cmdline_get_next	16	static
../Core/Src/shell.c:958:13:shell_cmdline_execute	32	static
../Core/Src/shell.c:1109:13:shell_tabline_find	24	static
../Core/Src/shell.c:1136:13:shell_tabline_get	16	static
../Core/Src/shell.c:1155:13:shell_next_argv	16	static
../Core/Src/shell.c:1191:13:sh_help	32	static
../Core/Src/shell.c:1207:13:sh_reboot	16	static
../Core/Src/shell.c:1222:13:sh_time	72	static
../Core/Src/shell.c:1254:13:sh_show	48	static
../Core/Src/shell.c:1329:13:sh_inputs	24	static
../Core/Src/shell.c:1347:13:sh_list	32	static
../Core/Src/shell.c:1362:13:printlist	64	static
../Core/Src/shell.c:1384:13:sh_factory	16	static
../Core/Src/shell.c:1397:13:sh_stepsx	24	static
../Core/Src/shell.c:1423:13:sh_stepsy	24	static
../Core/Src/shell.c:1449:13:sh_hystx	24	static
../Core/Src/shell.c:1475:13:sh_hysty	24	static
../Core/Src/shell.c:1501:13:sh_kp	32	static
../Core/Src/shell.c:1522:13:f_gps	8	static
../Core/Src/shell.c:1540:13:sh_targettime	48	static
../Core/Src/shell.c:1612:13:sh_gps_debug	24	static
../Core/Src/shell.c:1647:13:sh_ki	24	static
../Core/Src/shell.c:1673:13:sh_kd	16	static
../Core/Src/shell.c:1685:13:sh_pidt	24	static
../Core/Src/shell.c:1711:13:sh_pids	24	static
../Core/Src/shell.c:1738:13:sh_turnback	32	static
../Core/Src/shell.c:1770:13:sh_debounce	24	static
../Core/Src/shell.c:1798:13:sh_minpwm	24	static
../Core/Src/shell.c:1824:13:sh_sundown	24	static
../Core/Src/shell.c:1851:13:sh_maxwm	24	static
../Core/Src/shell.c:1877:13:sh_windpulse	32	static
../Core/Src/shell.c:1907:13:sh_contrast	24	static
../Core/Src/shell.c:1934:13:sh_tracking	24	static
../Core/Src/shell.c:1963:13:sh_hours	72	static
../Core/Src/shell.c:1990:13:sh_pwmfreq	32	static
../Core/Src/shell.c:2014:13:sh_scan	24	static
../Core/Src/shell.c:2025:6:f_result	8	static
../Core/Src/shell.c:2039:13:sh_phase	16	static
../Core/Src/shell.c:2061:13:sh_serial	24	static
../Core/Src/shell.c:2075:13:sh_remote	32	static
../Core/Src/shell.c:2114:13:sh_posx	24	static
../Core/Src/shell.c:2130:13:sh_posy	24	static
../Core/Src/shell.c:2146:13:sh_stop	24	static
../Core/Src/shell.c:2155:13:sh_hang	16	static
../Core/Src/shell.c:2165:13:sh_xmax	16	static
../Core/Src/shell.c:2171:13:sh_xmin	16	static
../Core/Src/shell.c:2177:13:sh_ymax	16	static
../Core/Src/shell.c:2184:13:sh_ymin	16	static
../Core/Src/shell.c:2190:13:sh_follow_sun	16	static
../Core/Src/shell.c:2201:13:sh_set_target	32	static
../Core/Src/shell.c:2227:13:sh_move_up	24	static
../Core/Src/shell.c:2241:13:sh_move_down	24	static
../Core/Src/shell.c:2255:13:sh_move_cw	24	static
../Core/Src/shell.c:2269:13:sh_move_ccw	24	static
../Core/Src/shell.c:2283:13:sh_save_sun	16	static
../Core/Src/shell.c:2288:13:sh_save_target	24	static
../Core/Src/shell.c:2304:13:sh_ee_write	296	static
../Core/Src/shell.c:2323:13:sh_ee_read	296	static
../Core/Src/shell.c:2346:13:sh_save_park	16	static
../Core/Src/shell.c:2354:13:sh_desync	16	static
../Core/Src/shell.c:2370:6:sh_ver	40	static
../Core/Src/shell.c:2392:13:sh_dsp_init	16	static
