Archive member included to satisfy reference by file (symbol)

C:/ST/STM32CubeIDE/STM32CubeIDE/plugins/com.st.stm32cube.ide.mcu.externaltools.gnu-tools-for-stm32.13.3.rel1.win32_1.0.0.202411081344/tools/bin/../lib/gcc/arm-none-eabi/13.3.1/../../../../arm-none-eabi/lib/thumb/v6-m/nofp\libc_nano.a(libc_a-atoi.o)
                              ./Core/Src/gps.o (atoi)
C:/ST/STM32CubeIDE/STM32CubeIDE/plugins/com.st.stm32cube.ide.mcu.externaltools.gnu-tools-for-stm32.13.3.rel1.win32_1.0.0.202411081344/tools/bin/../lib/gcc/arm-none-eabi/13.3.1/../../../../arm-none-eabi/lib/thumb/v6-m/nofp\libc_nano.a(libc_a-exit.o)
                              C:/ST/STM32CubeIDE/STM32CubeIDE/plugins/com.st.stm32cube.ide.mcu.externaltools.gnu-tools-for-stm32.13.3.rel1.win32_1.0.0.202411081344/tools/bin/../lib/gcc/arm-none-eabi/13.3.1/../../../../arm-none-eabi/lib/thumb/v6-m/nofp/crt0.o (exit)
C:/ST/STM32CubeIDE/STM32CubeIDE/plugins/com.st.stm32cube.ide.mcu.externaltools.gnu-tools-for-stm32.13.3.rel1.win32_1.0.0.202411081344/tools/bin/../lib/gcc/arm-none-eabi/13.3.1/../../../../arm-none-eabi/lib/thumb/v6-m/nofp\libc_nano.a(libc_a-malloc.o)
                              ./Core/Src/flash_ee.o (malloc)
C:/ST/STM32CubeIDE/STM32CubeIDE/plugins/com.st.stm32cube.ide.mcu.externaltools.gnu-tools-for-stm32.13.3.rel1.win32_1.0.0.202411081344/tools/bin/../lib/gcc/arm-none-eabi/13.3.1/../../../../arm-none-eabi/lib/thumb/v6-m/nofp\libc_nano.a(libc_a-mallocr.o)
                              C:/ST/STM32CubeIDE/STM32CubeIDE/plugins/com.st.stm32cube.ide.mcu.externaltools.gnu-tools-for-stm32.13.3.rel1.win32_1.0.0.202411081344/tools/bin/../lib/gcc/arm-none-eabi/13.3.1/../../../../arm-none-eabi/lib/thumb/v6-m/nofp\libc_nano.a(libc_a-malloc.o) (_malloc_r)
C:/ST/STM32CubeIDE/STM32CubeIDE/plugins/com.st.stm32cube.ide.mcu.externaltools.gnu-tools-for-stm32.13.3.rel1.win32_1.0.0.202411081344/tools/bin/../lib/gcc/arm-none-eabi/13.3.1/../../../../arm-none-eabi/lib/thumb/v6-m/nofp\libc_nano.a(libc_a-mlock.o)
                              C:/ST/STM32CubeIDE/STM32CubeIDE/plugins/com.st.stm32cube.ide.mcu.externaltools.gnu-tools-for-stm32.13.3.rel1.win32_1.0.0.202411081344/tools/bin/../lib/gcc/arm-none-eabi/13.3.1/../../../../arm-none-eabi/lib/thumb/v6-m/nofp\libc_nano.a(libc_a-mallocr.o) (__malloc_lock)
C:/ST/STM32CubeIDE/STM32CubeIDE/plugins/com.st.stm32cube.ide.mcu.externaltools.gnu-tools-for-stm32.13.3.rel1.win32_1.0.0.202411081344/tools/bin/../lib/gcc/arm-none-eabi/13.3.1/../../../../arm-none-eabi/lib/thumb/v6-m/nofp\libc_nano.a(libc_a-strtol.o)
                              C:/ST/STM32CubeIDE/STM32CubeIDE/plugins/com.st.stm32cube.ide.mcu.externaltools.gnu-tools-for-stm32.13.3.rel1.win32_1.0.0.202411081344/tools/bin/../lib/gcc/arm-none-eabi/13.3.1/../../../../arm-none-eabi/lib/thumb/v6-m/nofp\libc_nano.a(libc_a-atoi.o) (_strtol_r)
C:/ST/STM32CubeIDE/STM32CubeIDE/plugins/com.st.stm32cube.ide.mcu.externaltools.gnu-tools-for-stm32.13.3.rel1.win32_1.0.0.202411081344/tools/bin/../lib/gcc/arm-none-eabi/13.3.1/../../../../arm-none-eabi/lib/thumb/v6-m/nofp\libc_nano.a(libc_a-ctype_.o)
                              ./Core/Src/gps_decode.o (_ctype_)
C:/ST/STM32CubeIDE/STM32CubeIDE/plugins/com.st.stm32cube.ide.mcu.externaltools.gnu-tools-for-stm32.13.3.rel1.win32_1.0.0.202411081344/tools/bin/../lib/gcc/arm-none-eabi/13.3.1/../../../../arm-none-eabi/lib/thumb/v6-m/nofp\libc_nano.a(libc_a-nano-vfprintf_float.o)
                              (_printf_float)
C:/ST/STM32CubeIDE/STM32CubeIDE/plugins/com.st.stm32cube.ide.mcu.externaltools.gnu-tools-for-stm32.13.3.rel1.win32_1.0.0.202411081344/tools/bin/../lib/gcc/arm-none-eabi/13.3.1/../../../../arm-none-eabi/lib/thumb/v6-m/nofp\libc_nano.a(libc_a-nano-vfprintf_i.o)
                              C:/ST/STM32CubeIDE/STM32CubeIDE/plugins/com.st.stm32cube.ide.mcu.externaltools.gnu-tools-for-stm32.13.3.rel1.win32_1.0.0.202411081344/tools/bin/../lib/gcc/arm-none-eabi/13.3.1/../../../../arm-none-eabi/lib/thumb/v6-m/nofp\libc_nano.a(libc_a-nano-vfprintf_float.o) (_printf_common)
C:/ST/STM32CubeIDE/STM32CubeIDE/plugins/com.st.stm32cube.ide.mcu.externaltools.gnu-tools-for-stm32.13.3.rel1.win32_1.0.0.202411081344/tools/bin/../lib/gcc/arm-none-eabi/13.3.1/../../../../arm-none-eabi/lib/thumb/v6-m/nofp\libc_nano.a(libc_a-findfp.o)
                              C:/ST/STM32CubeIDE/STM32CubeIDE/plugins/com.st.stm32cube.ide.mcu.externaltools.gnu-tools-for-stm32.13.3.rel1.win32_1.0.0.202411081344/tools/bin/../lib/gcc/arm-none-eabi/13.3.1/../../../../arm-none-eabi/lib/thumb/v6-m/nofp\libc_nano.a(libc_a-exit.o) (__stdio_exit_handler)
C:/ST/STM32CubeIDE/STM32CubeIDE/plugins/com.st.stm32cube.ide.mcu.externaltools.gnu-tools-for-stm32.13.3.rel1.win32_1.0.0.202411081344/tools/bin/../lib/gcc/arm-none-eabi/13.3.1/../../../../arm-none-eabi/lib/thumb/v6-m/nofp\libc_nano.a(libc_a-fwalk.o)
[...]
Memory Configuration

Name             Origin             Length             Attributes
RAM              0x20000010         0x00023ff0         xrw
MYSEC            0x08005000         0x0000003c         xrw
FLASH            0x08005200         0x0003a000         xr
*default*        0x00000000         0xffffffff

Linker script and memory map

LOAD C:/ST/STM32CubeIDE/STM32CubeIDE/plugins/com.st.stm32cube.ide.mcu.externaltools.gnu-tools-for-stm32.13.3.rel1.win32_1.0.0.202411081344/tools/bin/../lib/gcc/arm-none-eabi/13.3.1/thumb/v6-m/nofp/crti.o
LOAD C:/ST/STM32CubeIDE/STM32CubeIDE/plugins/com.st.stm32cube.ide.mcu.externaltools.gnu-tools-for-stm32.13.3.rel1.win32_1.0.0.202411081344/tools/bin/../lib/gcc/arm-none-eabi/13.3.1/thumb/v6-m/nofp/crtbegin.o
LOAD C:/ST/STM32CubeIDE/STM32CubeIDE/plugins/com.st.stm32cube.ide.mcu.externaltools.gnu-tools-for-stm32.13.3.rel1.win32_1.0.0.202411081344/tools/bin/../lib/gcc/arm-none-eabi/13.3.1/../../../../arm-none-eabi/lib/thumb/v6-m/nofp/crt0.o
LOAD ./Core/Src/adc.o
LOAD ./Core/Src/ayct102.o
LOAD ./Core/Src/build_display.o
LOAD ./Core/Src/crc.o
LOAD ./Core/Src/crc16.o
LOAD ./Core/Src/e2p.o
LOAD ./Core/Src/external_io.o
LOAD ./Core/Src/fdcan.o
LOAD ./Core/Src/flash.o
LOAD ./Core/Src/flash_ee.o
LOAD ./Core/Src/gpio.o
LOAD ./Core/Src/gps.o
LOAD ./Core/Src/gps_decode.o
LOAD ./Core/Src/hd44780.o
LOAD ./Core/Src/i2c.o
LOAD ./Core/Src/iwdg.o
LOAD ./Core/Src/machine.o
LOAD ./Core/Src/main.o
LOAD ./Core/Src/modbus_cmd.o
LOAD ./Core/Src/modbus_slave.o
LOAD ./Core/Src/motors.o
LOAD ./Core/Src/protection.o
LOAD ./Core/Src/remote.o
LOAD ./Core/Src/rtc.o
LOAD ./Core/Src/shell.o
LOAD ./Core/Src/stm32g0xx_hal_msp.o
LOAD ./Core/Src/stm32g0xx_it.o
LOAD ./Core/Src/suncalc.o
LOAD ./Core/Src/syscalls.o
LOAD ./Core/Src/system_stm32g0xx.o
LOAD ./Core/Src/tim.o
LOAD ./Core/Src/time.o
LOAD ./Core/Src/uart_sci.o
LOAD ./Core/Src/usart.o
LOAD ./Core/Src/vars.o
LOAD ./Core/Src/vector.o
LOAD ./Core/Startup/startup_stm32g0b1rctx.o
LOAD ./Drivers/STM32G0xx_HAL_Driver/Src/stm32g0xx_hal.o
LOAD ./Drivers/STM32G0xx_HAL_Driver/Src/stm32g0xx_hal_adc.o
LOAD ./Drivers/STM32G0xx_HAL_Driver/Src/stm32g0xx_hal_adc_ex.o
LOAD ./Drivers/STM32G0xx_HAL_Driver/Src/stm32g0xx_hal_cortex.o
LOAD ./Drivers/STM32G0xx_HAL_Driver/Src/stm32g0xx_hal_crc.o
LOAD ./Drivers/STM32G0xx_HAL_Driver/Src/stm32g0xx_hal_crc_ex.o
LOAD ./Drivers/STM32G0xx_HAL_Driver/Src/stm32g0xx_hal_dma.o
LOAD ./Drivers/STM32G0xx_HAL_Driver/Src/stm32g0xx_hal_dma_ex.o
LOAD ./Drivers/STM32G0xx_HAL_Driver/Src/stm32g0xx_hal_exti.o
LOAD ./Drivers/STM32G0xx_HAL_Driver/Src/stm32g0xx_hal_fdcan.o
LOAD ./Drivers/STM32G0xx_HAL_Driver/Src/stm32g0xx_hal_flash.o
LOAD ./Drivers/STM32G0xx_HAL_Driver/Src/stm32g0xx_hal_flash_ex.o
LOAD ./Drivers/STM32G0xx_HAL_Driver/Src/stm32g0xx_hal_gpio.o
LOAD ./Drivers/STM32G0xx_HAL_Driver/Src/stm32g0xx_hal_i2c.o
LOAD ./Drivers/STM32G0xx_HAL_Driver/Src/stm32g0xx_hal_i2c_ex.o
LOAD ./Drivers/STM32G0xx_HAL_Driver/Src/stm32g0xx_hal_iwdg.o
LOAD ./Drivers/STM32G0xx_HAL_Driver/Src/stm32g0xx_hal_pwr.o
LOAD ./Drivers/STM32G0xx_HAL_Driver/Src/stm32g0xx_hal_pwr_ex.o
LOAD ./Drivers/STM32G0xx_HAL_Driver/Src/stm32g0xx_hal_rcc.o
LOAD ./Drivers/STM32G0xx_HAL_Driver/Src/stm32g0xx_hal_rcc_ex.o
LOAD ./Drivers/STM32G0xx_HAL_Driver/Src/stm32g0xx_hal_rtc.o
LOAD ./Drivers/STM32G0xx_HAL_Driver/Src/stm32g0xx_hal_rtc_ex.o
LOAD ./Drivers/STM32G0xx_HAL_Driver/Src/stm32g0xx_hal_tim.o
LOAD ./Drivers/STM32G0xx_HAL_Driver/Src/stm32g0xx_hal_tim_ex.o
LOAD ./Drivers/STM32G0xx_HAL_Driver/Src/stm32g0xx_hal_uart.o
LOAD ./Drivers/STM32G0xx_HAL_Driver/Src/stm32g0xx_hal_uart_ex.o
LOAD ./Drivers/STM32G0xx_HAL_Driver/Src/stm32g0xx_ll_adc.o
LOAD ./Drivers/STM32G0xx_HAL_Driver/Src/stm32g0xx_ll_rcc.o
LOAD ./Drivers/Sampa/bird.o
LOAD ./Drivers/Sampa/sampa.o
LOAD ./Drivers/Sampa/sampa_tester.o
LOAD ./Drivers/Sampa/spa.o
START GROUP
LOAD C:/ST/STM32CubeIDE/STM32CubeIDE/plugins/com.st.stm32cube.ide.mcu.externaltools.gnu-tools-for-stm32.13.3.rel1.win32_1.0.0.202411081344/tools/bin/../lib/gcc/arm-none-eabi/13.3.1/../../../../arm-none-eabi/lib/thumb/v6-m/nofp\libc_nano.a
LOAD C:/ST/STM32CubeIDE/STM32CubeIDE/plugins/com.st.stm32cube.ide.mcu.externaltools.gnu-tools-for-stm32.13.3.rel1.win32_1.0.0.202411081344/tools/bin/../lib/gcc/arm-none-eabi/13.3.1/../../../../arm-none-eabi/lib/thumb/v6-m/nofp\libm.a
END GROUP
START GROUP
LOAD C:/ST/STM32CubeIDE/STM32CubeIDE/plugins/com.st.stm32cube.ide.mcu.externaltools.gnu-tools-for-stm32.13.3.rel1.win32_1.0.0.202411081344/tools/bin/../lib/gcc/arm-none-eabi/13.3.1/thumb/v6-m/nofp\libgcc.a
LOAD C:/ST/STM32CubeIDE/STM32CubeIDE/plugins/com.st.stm32cube.ide.mcu.externaltools.gnu-tools-for-stm32.13.3.rel1.win32_1.0.0.202411081344/tools/bin/../lib/gcc/arm-none-eabi/13.3.1/../../../../arm-none-eabi/lib/thumb/v6-m/nofp\libc_nano.a
END GROUP
START GROUP
LOAD C:/ST/STM32CubeIDE/STM32CubeIDE/plugins/com.st.stm32cube.ide.mcu.externaltools.gnu-tools-for-stm32.13.3.rel1.win32_1.0.0.202411081344/tools/bin/../lib/gcc/arm-none-eabi/13.3.1/thumb/v6-m/nofp\libgcc.a
LOAD C:/ST/STM32CubeIDE/STM32CubeIDE/plugins/com.st.stm32cube.ide.mcu.externaltools.gnu-tools-for-stm32.13.3.rel1.win32_1.0.0.202411081344/tools/bin/../lib/gcc/arm-none-eabi/13.3.1/../../../../arm-none-eabi/lib/thumb/v6-m/nofp\libc_nano.a
LOAD C:/ST/STM32CubeIDE/STM32CubeIDE/plugins/com.st.stm32cube.ide.mcu.externaltools.gnu-tools-for-stm32.13.3.rel1.win32_1.0.0.202411081344/tools/bin/../lib/gcc/arm-none-eabi/13.3.1/../../../../arm-none-eabi/lib/thumb/v6-m/nofp\libnosys.a
END GROUP
START GROUP
LOAD C:/ST/STM32CubeIDE/STM32CubeIDE/plugins/com.st.stm32cube.ide.mcu.externaltools.gnu-tools-for-stm32.13.3.rel1.win32_1.0.0.202411081344/tools/bin/../lib/gcc/arm-none-eabi/13.3.1/thumb/v6-m/nofp\libgcc.a
LOAD C:/ST/STM32CubeIDE/STM32CubeIDE/plugins/com.st.stm32cube.ide.mcu.externaltools.gnu-tools-for-stm32.13.3.rel1.win32_1.0.0.202411081344/tools/bin/../lib/gcc/arm-none-eabi/13.3.1/../../../../arm-none-eabi/lib/thumb/v6-m/nofp\libc_nano.a
LOAD C:/ST/STM32CubeIDE/STM32CubeIDE/plugins/com.st.stm32cube.ide.mcu.externaltools.gnu-tools-for-stm32.13.3.rel1.win32_1.0.0.202411081344/tools/bin/../lib/gcc/arm-none-eabi/13.3.1/../../../../arm-none-eabi/lib/thumb/v6-m/nofp\libnosys.a
END GROUP
LOAD C:/ST/STM32CubeIDE/STM32CubeIDE/plugins/com.st.stm32cube.ide.mcu.externaltools.gnu-tools-for-stm32.13.3.rel1.win32_1.0.0.202411081344/tools/bin/../lib/gcc/arm-none-eabi/13.3.1/thumb/v6-m/nofp/crtend.o
LOAD C:/ST/STM32CubeIDE/STM32CubeIDE/plugins/com.st.stm32cube.ide.mcu.externaltools.gnu-tools-for-stm32.13.3.rel1.win32_1.0.0.202411081344/tools/bin/../lib/gcc/arm-none-eabi/13.3.1/thumb/v6-m/nofp/crtn.o
                0x20024000                        _estack = (ORIGIN (RAM) + LENGTH (RAM))
                0x00000200                        _Min_Heap_Size = 0x200
                0x00000400                        _Min_Stack_Size = 0x400
                0x08005200                        _main_app_start_address = 0x8005200

.isr_vector     0x08005200       0xbc
                0x08005200                        . = ALIGN (0x4)
 *(.isr_vector)
 .isr_vector    0x08005200       0xbc ./Core/Startup/startup_stm32g0b1rctx.o
                0x08005200                g_pfnVectors
                0x080052bc                        . = ALIGN (0x4)

.mySection      0x08005000       0x28
                0x08005000                        . = ALIGN (0x4)
 *(.mySection)
 .mySection     0x08005000       0x28 ./Core/Src/main.o
                0x08005000                c_app_info
                0x08005028                        . = ALIGN (0x4)

.text           0x080052c0    0x19be0
                0x080052c0                        . = ALIGN (0x4)
 *(.text)
 .text          0x080052c0       0x48 C:/ST/STM32CubeIDE/STM32CubeIDE/plugins/com.st.stm32cube.ide.mcu.externaltools.gnu-tools-for-stm32.13.3.rel1.win32_1.0.0.202411081344/tools/bin/../lib/gcc/arm-none-eabi/13.3.1/thumb/v6-m/nofp/crtbegin.o
 .text          0x08005308       0x14 C:/ST/STM32CubeIDE/STM32CubeIDE/plugins/com.st.stm32cube.ide.mcu.externaltools.gnu-tools-for-stm32.13.3.rel1.win32_1.0.0.202411081344/tools/bin/../lib/gcc/arm-none-eabi/13.3.1/../../../../arm-none-eabi/lib/thumb/v6-m/nofp\libc_nano.a(libc_a-strcmp.o)
                0x08005308                strcmp
 .text          0x0800531c        0xe C:/ST/STM32CubeIDE/STM32CubeIDE/plugins/com.st.stm32cube.ide.mcu.externaltools.gnu-tools-for-stm32.13.3.rel1.win32_1.0.0.202411081344/tools/bin/../lib/gcc/arm-none-eabi/13.3.1/../../../../arm-none-eabi/lib/thumb/v6-m/nofp\libc_nano.a(libc_a-strlen.o)
                0x0800531c                strlen
 *fill*         0x0800532a        0x2 
 .text          0x0800532c       0x14 C:/ST/STM32CubeIDE/STM32CubeIDE/plugins/com.st.stm32cube.ide.mcu.externaltools.gnu-tools-for-stm32.13.3.rel1.win32_1.0.0.202411081344/tools/bin/../lib/gcc/arm-none-eabi/13.3.1/thumb/v6-m/nofp\libgcc.a(_thumb1_case_uqi.o)
                0x0800532c                __gnu_thumb1_case_uqi
 .text          0x08005340       0x14 C:/ST/STM32CubeIDE/STM32CubeIDE/plugins/com.st.stm32cube.ide.mcu.externaltools.gnu-tools-for-stm32.13.3.rel1.win32_1.0.0.202411081344/tools/bin/../lib/gcc/arm-none-eabi/13.3.1/thumb/v6-m/nofp\libgcc.a(_thumb1_case_shi.o)
                0x08005340                __gnu_thumb1_case_shi
 .text          0x08005354      0x114 C:/ST/STM32CubeIDE/STM32CubeIDE/plugins/com.st.stm32cube.ide.mcu.externaltools.gnu-tools-for-stm32.13.3.rel1.win32_1.0.0.202411081344/tools/bin/../lib/gcc/arm-none-eabi/13.3.1/thumb/v6-m/nofp\libgcc.a(_udivsi3.o)
                0x08005354                __aeabi_uidiv
                0x08005354                __udivsi3
                0x08005460                __aeabi_uidivmod
 .text          0x08005468      0x1d4 C:/ST/STM32CubeIDE/STM32CubeIDE/plugins/com.st.stm32cube.ide.mcu.externaltools.gnu-tools-for-stm32.13.3.rel1.win32_1.0.0.202411081344/tools/bin/../lib/gcc/arm-none-eabi/13.3.1/thumb/v6-m/nofp\libgcc.a(_divsi3.o)
                0x08005468                __divsi3
                0x08005468                __aeabi_idiv
                0x08005634                __aeabi_idivmod
 .text          0x0800563c        0x4 C:/ST/STM32CubeIDE/STM32CubeIDE/plugins/com.st.stm32cube.ide.mcu.externaltools.gnu-tools-for-stm32.13.3.rel1.win32_1.0.0.202411081344/tools/bin/../lib/gcc/arm-none-eabi/13.3.1/thumb/v6-m/nofp\libgcc.a(_dvmd_tls.o)
                0x0800563c                __aeabi_idiv0
                0x0800563c                __aeabi_ldiv0
 .text          0x08005640       0x7c C:/ST/STM32CubeIDE/STM32CubeIDE/plugins/com.st.stm32cube.ide.mcu.externaltools.gnu-tools-for-stm32.13.3.rel1.win32_1.0.0.202411081344/tools/bin/../lib/gcc/arm-none-eabi/13.3.1/thumb/v6-m/nofp\libgcc.a(_arm_cmpdf2.o)
                0x08005640                __aeabi_cdrcmple
                0x08005650                __aeabi_cdcmple
                0x08005650                __aeabi_cdcmpeq
                0x08005660                __aeabi_dcmpeq
                0x0800566c                __aeabi_dcmplt
                0x08005680                __aeabi_dcmple
                0x08005694                __aeabi_dcmpgt
                0x080056a8                __aeabi_dcmpge
 .text          0x080056bc       0x74 C:/ST/STM32CubeIDE/STM32CubeIDE/plugins/com.st.stm32cube.ide.mcu.externaltools.gnu-tools-for-stm32.13.3.rel1.win32_1.0.0.202411081344/tools/bin/../lib/gcc/arm-none-eabi/13.3.1/thumb/v6-m/nofp\libgcc.a(_arm_cmpsf2.o)
                0x080056bc                __aeabi_cfrcmple
                0x080056c4                __aeabi_cfcmpeq
                0x080056c4                __aeabi_cfcmple
                0x080056d4                __aeabi_fcmpeq
                0x080056e0                __aeabi_fcmplt
                0x080056f4                __aeabi_fcmple
                0x08005708                __aeabi_fcmpgt
                0x0800571c                __aeabi_fcmpge
 .text          0x08005730       0x40 C:/ST/STM32CubeIDE/STM32CubeIDE/plugins/com.st.stm32cube.ide.mcu.externaltools.gnu-tools-for-stm32.13.3.rel1.win32_1.0.0.202411081344/tools/bin/../lib/gcc/arm-none-eabi/13.3.1/thumb/v6-m/nofp\libgcc.a(_aeabi_uldivmod.o)
                0x08005730                __aeabi_uldivmod
 .text          0x08005770      0x198 C:/ST/STM32CubeIDE/STM32CubeIDE/plugins/com.st.stm32cube.ide.mcu.externaltools.gnu-tools-for-stm32.13.3.rel1.win32_1.0.0.202411081344/tools/bin/../lib/gcc/arm-none-eabi/13.3.1/thumb/v6-m/nofp\libgcc.a(_udivmoddi4.o)
                0x08005770                __udivmoddi4
 .text          0x08005908      0x3e4 C:/ST/STM32CubeIDE/STM32CubeIDE/plugins/com.st.stm32cube.ide.mcu.externaltools.gnu-tools-for-stm32.13.3.rel1.win32_1.0.0.202411081344/tools/bin/../lib/gcc/arm-none-eabi/13.3.1/thumb/v6-m/nofp\libgcc.a(addsf3.o)
                0x08005908                __aeabi_fadd
 .text          0x08005cec      0x22c C:/ST/STM32CubeIDE/STM32CubeIDE/plugins/com.st.stm32cube.ide.mcu.externaltools.gnu-tools-for-stm32.13.3.rel1.win32_1.0.0.202411081344/tools/bin/../lib/gcc/arm-none-eabi/13.3.1/thumb/v6-m/nofp\libgcc.a(divsf3.o)
                0x08005cec                __aeabi_fdiv
 .text          0x08005f18       0x50 C:/ST/STM32CubeIDE/STM32CubeIDE/plugins/com.st.stm32cube.ide.mcu.externaltools.gnu-tools-for-stm32.13.3.rel1.win32_1.0.0.202411081344/tools/bin/../lib/gcc/arm-none-eabi/13.3.1/thumb/v6-m/nofp\libgcc.a(eqsf2.o)
                0x08005f18                __eqsf2
                0x08005f18                __nesf2
 .text          0x08005f68       0x90 C:/ST/STM32CubeIDE/STM32CubeIDE/plugins/com.st.stm32cube.ide.mcu.externaltools.gnu-tools-for-stm32.13.3.rel1.win32_1.0.0.202411081344/tools/bin/../lib/gcc/arm-none-eabi/13.3.1/thumb/v6-m/nofp\libgcc.a(gesf2.o)
                0x08005f68                __gesf2
                0x08005f68                __gtsf2
 .text          0x08005ff8       0x90 C:/ST/STM32CubeIDE/STM32CubeIDE/plugins/com.st.stm32cube.ide.mcu.externaltools.gnu-tools-for-stm32.13.3.rel1.win32_1.0.0.202411081344/tools/bin/../lib/gcc/arm-none-eabi/13.3.1/thumb/v6-m/nofp\libgcc.a(lesf2.o)
                0x08005ff8                __ltsf2
                0x08005ff8                __lesf2
 .text          0x08006088      0x2b4 C:/ST/STM32CubeIDE/STM32CubeIDE/plugins/com.st.stm32cube.ide.mcu.externaltools.gnu-tools-for-stm32.13.3.rel1.win32_1.0.0.202411081344/tools/bin/../lib/gcc/arm-none-eabi/13.3.1/thumb/v6-m/nofp\libgcc.a(mulsf3.o)
                0x08006088                __aeabi_fmul
 .text          0x0800633c      0x4c8 C:/ST/STM32CubeIDE/STM32CubeIDE/plugins/com.st.stm32cube.ide.mcu.externaltools.gnu-tools-for-stm32.13.3.rel1.win32_1.0.0.202411081344/tools/bin/../lib/gcc/arm-none-eabi/13.3.1/thumb/v6-m/nofp\libgcc.a(subsf3.o)
                0x0800633c                __aeabi_fsub
 .text          0x08006804       0x40 C:/ST/STM32CubeIDE/STM32CubeIDE/plugins/com.st.stm32cube.ide.mcu.externaltools.gnu-tools-for-stm32.13.3.rel1.win32_1.0.0.202411081344/tools/bin/../lib/gcc/arm-none-eabi/13.3.1/thumb/v6-m/nofp\libgcc.a(fixsfsi.o)
                0x08006804                __aeabi_f2iz
 .text          0x08006844       0xa0 C:/ST/STM32CubeIDE/STM32CubeIDE/plugins/com.st.stm32cube.ide.mcu.externaltools.gnu-tools-for-stm32.13.3.rel1.win32_1.0.0.202411081344/tools/bin/../lib/gcc/arm-none-eabi/13.3.1/thumb/v6-m/nofp\libgcc.a(floatsisf.o)
                0x08006844                __aeabi_i2f
 .text          0x080068e4      0x78c C:/ST/STM32CubeIDE/STM32CubeIDE/plugins/com.st.stm32cube.ide.mcu.externaltools.gnu-tools-for-stm32.13.3.rel1.win32_1.0.0.202411081344/tools/bin/../lib/gcc/arm-none-eabi/13.3.1/thumb/v6-m/nofp\libgcc.a(adddf3.o)
                0x080068e4                __aeabi_dadd
 .text          0x08007070      0x630 C:/ST/STM32CubeIDE/STM32CubeIDE/plugins/com.st.stm32cube.ide.mcu.externaltools.gnu-tools-for-stm32.13.3.rel1.win32_1.0.0.202411081344/tools/bin/../lib/gcc/arm-none-eabi/13.3.1/thumb/v6-m/nofp\libgcc.a(divdf3.o)
                0x08007070                __aeabi_ddiv
 .text          0x080076a0       0x88 C:/ST/STM32CubeIDE/STM32CubeIDE/plugins/com.st.stm32cube.ide.mcu.externaltools.gnu-tools-for-stm32.13.3.rel1.win32_1.0.0.202411081344/tools/bin/../lib/gcc/arm-none-eabi/13.3.1/thumb/v6-m/nofp\libgcc.a(eqdf2.o)
                0x080076a0                __nedf2
                0x080076a0                __eqdf2
 .text          0x08007728       0xe0 C:/ST/STM32CubeIDE/STM32CubeIDE/plugins/com.st.stm32cube.ide.mcu.externaltools.gnu-tools-for-stm32.13.3.rel1.win32_1.0.0.202411081344/tools/bin/../lib/gcc/arm-none-eabi/13.3.1/thumb/v6-m/nofp\libgcc.a(gedf2.o)
                0x08007728                __gedf2
                0x08007728                __gtdf2
 .text          0x08007808       0xdc C:/ST/STM32CubeIDE/STM32CubeIDE/plugins/com.st.stm32cube.ide.mcu.externaltools.gnu-tools-for-stm32.13.3.rel1.win32_1.0.0.202411081344/tools/bin/../lib/gcc/arm-none-eabi/13.3.1/thumb/v6-m/nofp\libgcc.a(ledf2.o)
                0x08007808                __ledf2
                0x08007808                __ltdf2
 .text          0x080078e4      0x5cc C:/ST/STM32CubeIDE/STM32CubeIDE/plugins/com.st.stm32cube.ide.mcu.externaltools.gnu-tools-for-stm32.13.3.rel1.win32_1.0.0.202411081344/tools/bin/../lib/gcc/arm-none-eabi/13.3.1/thumb/v6-m/nofp\libgcc.a(muldf3.o)
                0x080078e4                __aeabi_dmul
 .text          0x08007eb0      0x814 C:/ST/STM32CubeIDE/STM32CubeIDE/plugins/com.st.stm32cube.ide.mcu.externaltools.gnu-tools-for-stm32.13.3.rel1.win32_1.0.0.202411081344/tools/bin/../lib/gcc/arm-none-eabi/13.3.1/thumb/v6-m/nofp\libgcc.a(subdf3.o)
                0x08007eb0                __aeabi_dsub
 .text          0x080086c4       0x44 C:/ST/STM32CubeIDE/STM32CubeIDE/plugins/com.st.stm32cube.ide.mcu.externaltools.gnu-tools-for-stm32.13.3.rel1.win32_1.0.0.202411081344/tools/bin/../lib/gcc/arm-none-eabi/13.3.1/thumb/v6-m/nofp\libgcc.a(unorddf2.o)
                0x080086c4                __aeabi_dcmpun
 .text          0x08008708       0x78 C:/ST/STM32CubeIDE/STM32CubeIDE/plugins/com.st.stm32cube.ide.mcu.externaltools.gnu-tools-for-stm32.13.3.rel1.win32_1.0.0.202411081344/tools/bin/../lib/gcc/arm-none-eabi/13.3.1/thumb/v6-m/nofp\libgcc.a(fixdfsi.o)
                0x08008708                __aeabi_d2iz
 .text          0x08008780       0x5c C:/ST/STM32CubeIDE/STM32CubeIDE/plugins/com.st.stm32cube.ide.mcu.externaltools.gnu-tools-for-stm32.13.3.rel1.win32_1.0.0.202411081344/tools/bin/../lib/gcc/arm-none-eabi/13.3.1/thumb/v6-m/nofp\libgcc.a(floatsidf.o)
                0x08008780                __aeabi_i2d
 .text          0x080087dc       0x48 C:/ST/STM32CubeIDE/STM32CubeIDE/plugins/com.st.stm32cube.ide.mcu.externaltools.gnu-tools-for-stm32.13.3.rel1.win32_1.0.0.202411081344/tools/bin/../lib/gcc/arm-none-eabi/13.3.1/thumb/v6-m/nofp\libgcc.a(floatunsidf.o)
                0x080087dc                __aeabi_ui2d
 .text          0x08008824       0x90 C:/ST/STM32CubeIDE/STM32CubeIDE/plugins/com.st.stm32cube.ide.mcu.externaltools.gnu-tools-for-stm32.13.3.rel1.win32_1.0.0.202411081344/tools/bin/../lib/gcc/arm-none-eabi/13.3.1/thumb/v6-m/nofp\libgcc.a(extendsfdf2.o)
                0x08008824                __aeabi_f2d
 .text          0x080088b4      0x104 C:/ST/STM32CubeIDE/STM32CubeIDE/plugins/com.st.stm32cube.ide.mcu.externaltools.gnu-tools-for-stm32.13.3.rel1.win32_1.0.0.202411081344/tools/bin/../lib/gcc/arm-none-eabi/13.3.1/thumb/v6-m/nofp\libgcc.a(truncdfsf2.o)
                0x080088b4                __aeabi_d2f
 .text          0x080089b8       0x3c C:/ST/STM32CubeIDE/STM32CubeIDE/plugins/com.st.stm32cube.ide.mcu.externaltools.gnu-tools-for-stm32.13.3.rel1.win32_1.0.0.202411081344/tools/bin/../lib/gcc/arm-none-eabi/13.3.1/thumb/v6-m/nofp\libgcc.a(_clzsi2.o)
                0x080089b8                __clzsi2
 .text          0x080089f4       0x18 C:/ST/STM32CubeIDE/STM32CubeIDE/plugins/com.st.stm32cube.ide.mcu.externaltools.gnu-tools-for-stm32.13.3.rel1.win32_1.0.0.202411081344/tools/bin/../lib/gcc/arm-none-eabi/13.3.1/thumb/v6-m/nofp\libgcc.a(_clzdi2.o)
                0x080089f4                __clzdi2
 *(.text*)
 .text.MX_ADC1_Init
                0x08008a0c       0x80 ./Core/Src/adc.o
                0x08008a0c                MX_ADC1_Init
 .text.HAL_ADC_MspInit
                0x08008a8c       0x5c ./Core/Src/adc.o
                0x08008a8c                HAL_ADC_MspInit
 .text.adc_calib
                0x08008ae8       0x10 ./Core/Src/adc.o
                0x08008ae8                adc_calib
 .text.read_adapter
                0x08008af8       0x4c ./Core/Src/adc.o
                0x08008af8                read_adapter
 .text.get_ayct
                0x08008b44       0x3c ./Core/Src/ayct102.o
                0x08008b44                get_ayct
 .text.AYCT_EXTI_IRQHandler
                0x08008b80      0x194 ./Core/Src/ayct102.o
                0x08008b80                AYCT_EXTI_IRQHandler
 .text.AYCT_TIM_IRQHandler
                0x08008d14       0x2c ./Core/Src/ayct102.o
                0x08008d14                AYCT_TIM_IRQHandler
 .text.header   0x08008d40      0x1ac ./Core/Src/build_display.o
 .text.process_display
                0x08008eec      0x7c4 ./Core/Src/build_display.o
                0x08008eec                process_display
 .text.MX_CRC_Init
                0x080096b0       0x30 ./Core/Src/crc.o
                0x080096b0                MX_CRC_Init
 .text.HAL_CRC_MspInit
                0x080096e0       0x2c ./Core/Src/crc.o
                0x080096e0                HAL_CRC_MspInit
 .text.m24xx64_ready
                0x0800970c       0x1c ./Core/Src/e2p.o
 .text.e2p_read
                0x08009728       0x3c ./Core/Src/e2p.o
                0x08009728                e2p_read
 .text.ReadStruct2eerom
                0x08009764       0x60 ./Core/Src/e2p.o
                0x08009764                ReadStruct2eerom
 .text.e2p_write
                0x080097c4       0x94 ./Core/Src/e2p.o
                0x080097c4                e2p_write
 .text.WriteStruct2eerom
                0x08009858       0x40 ./Core/Src/e2p.o
                0x08009858                WriteStruct2eerom
 .text.get_wind_counter
                0x08009898       0x10 ./Core/Src/external_io.o
                0x08009898                get_wind_counter
 .text.external_io_functions
                0x080098a8       0x94 ./Core/Src/external_io.o
                0x080098a8                external_io_functions
 .text.MX_FDCAN1_Init
                0x0800993c       0x48 ./Core/Src/fdcan.o
                0x0800993c                MX_FDCAN1_Init
 .text.HAL_FDCAN_MspInit
                0x08009984       0x98 ./Core/Src/fdcan.o
                0x08009984                HAL_FDCAN_MspInit
 .text.GetPage  0x08009a1c       0xb0 ./Core/Src/flash.o
 .text.stm32_flash_erase
                0x08009acc       0x44 ./Core/Src/flash.o
                0x08009acc                stm32_flash_erase
 .text.stm32_flash_write
                0x08009b10       0x48 ./Core/Src/flash.o
                0x08009b10                stm32_flash_write
 .text.do_WriteStruct2Flash
                0x08009b58       0xa0 ./Core/Src/flash_ee.o
 .text.ReadStruct2Flash
                0x08009bf8       0x5c ./Core/Src/flash_ee.o
                0x08009bf8                ReadStruct2Flash
 .text.WriteStruct2Flash
                0x08009c54       0x3c ./Core/Src/flash_ee.o
                0x08009c54                WriteStruct2Flash
 .text.MX_GPIO_Init
                0x08009c90      0x180 ./Core/Src/gpio.o
                0x08009c90                MX_GPIO_Init
 .text.gps_power
                0x08009e10       0x54 ./Core/Src/gpio.o
                0x08009e10                gps_power
 .text.hex_c    0x08009e64       0x14 ./Core/Src/gps.o
 .text.get_progress
                0x08009e78       0x50 ./Core/Src/gps.o
 .text.gps_handle
                0x08009ec8      0x2bc ./Core/Src/gps.o
 .text.gps_process
                0x0800a184      0x128 ./Core/Src/gps.o
                0x0800a184                gps_process
 .text.gps_remain_valid
                0x0800a2ac       0x1c ./Core/Src/gps.o
                0x0800a2ac                gps_remain_valid
 .text.override_gps
                0x0800a2c8        0xc ./Core/Src/gps.o
                0x0800a2c8                override_gps
 .text.str_to_td
                0x0800a2d4       0x4c ./Core/Src/gps_decode.o
                0x0800a2d4                str_to_td
 .text.geo_coord_to_deg
                0x0800a320      0x134 ./Core/Src/gps_decode.o
                0x0800a320                geo_coord_to_deg
 .text.Delay_us
                0x0800a454       0x10 ./Core/Src/hd44780.o
 .text.HD44780_InitPins
                0x0800a464       0x50 ./Core/Src/hd44780.o
 .text.HD44780_Cmd4bit
                0x0800a4b4       0x5c ./Core/Src/hd44780.o
 .text.HD44780_Cmd
                0x0800a510       0x24 ./Core/Src/hd44780.o
 .text.HD44780_Data
                0x0800a534       0x24 ./Core/Src/hd44780.o
 .text.HD44780_Clear
                0x0800a558       0x10 ./Core/Src/hd44780.o
                0x0800a558                HD44780_Clear
 .text.HD44780_DisplayOn
                0x0800a568       0x1c ./Core/Src/hd44780.o
                0x0800a568                HD44780_DisplayOn
 .text.HD44780_Init
                0x0800a584       0x88 ./Core/Src/hd44780.o
                0x0800a584                HD44780_Init
 .text.HD44780_CreateChar
                0x0800a60c       0x2a ./Core/Src/hd44780.o
                0x0800a60c                HD44780_CreateChar
 *fill*         0x0800a636        0x2 
 .text.dsp_init
                0x0800a638       0x24 ./Core/Src/hd44780.o
                0x0800a638                dsp_init
 .text.HD44780_CursorSet
                0x0800a65c       0x38 ./Core/Src/hd44780.o
                0x0800a65c                HD44780_CursorSet
 .text.HD44780_Puts
                0x0800a694       0x6c ./Core/Src/hd44780.o
                0x0800a694                HD44780_Puts
 .text.HD44780_PutCustom
                0x0800a700       0x10 ./Core/Src/hd44780.o
                0x0800a700                HD44780_PutCustom
 .text.MX_I2C2_Init
                0x0800a710       0x60 ./Core/Src/i2c.o
                0x0800a710                MX_I2C2_Init
 .text.HAL_I2C_MspInit
                0x0800a770       0x8c ./Core/Src/i2c.o
                0x0800a770                HAL_I2C_MspInit
 .text.MX_IWDG_Init
                0x0800a7fc       0x30 ./Core/Src/iwdg.o
                0x0800a7fc                MX_IWDG_Init
 .text.wdt_clr  0x0800a82c       0x10 ./Core/Src/iwdg.o
                0x0800a82c                wdt_clr
 .text.cmd_set_end_cw
                0x0800a83c       0x58 ./Core/Src/machine.o
                0x0800a83c                cmd_set_end_cw
 .text.cmd_set_end_ccw
                0x0800a894       0x58 ./Core/Src/machine.o
                0x0800a894                cmd_set_end_ccw
 .text.cmd_set_end_up
                0x0800a8ec       0x58 ./Core/Src/machine.o
                0x0800a8ec                cmd_set_end_up
 .text.cmd_set_end_down
                0x0800a944       0x58 ./Core/Src/machine.o
                0x0800a944                cmd_set_end_down
 .text.cmd_move_cw
                0x0800a99c       0x64 ./Core/Src/machine.o
                0x0800a99c                cmd_move_cw
 .text.cmd_move_ccw
                0x0800aa00       0x5c ./Core/Src/machine.o
                0x0800aa00                cmd_move_ccw
 .text.cmd_move_up
                0x0800aa5c       0x64 ./Core/Src/machine.o
                0x0800aa5c                cmd_move_up
 .text.cmd_move_down
                0x0800aac0       0x5c ./Core/Src/machine.o
                0x0800aac0                cmd_move_down
 .text.cmd_savesun
                0x0800ab1c      0x10c ./Core/Src/machine.o
                0x0800ab1c                cmd_savesun
 .text.cmd_savetarget
                0x0800ac28       0x94 ./Core/Src/machine.o
                0x0800ac28                cmd_savetarget
 .text.cmd_savepark
                0x0800acbc       0x58 ./Core/Src/machine.o
                0x0800acbc                cmd_savepark
 .text.print_mode_name
                0x0800ad14      0x120 ./Core/Src/machine.o
                0x0800ad14                print_mode_name
 .text.machine_process
                0x0800ae34      0x924 ./Core/Src/machine.o
                0x0800ae34                machine_process
 .text.out_learned_range
                0x0800b758       0x78 ./Core/Src/machine.o
                0x0800b758                out_learned_range
 .text.printf_bridge_fault
                0x0800b7d0      0x110 ./Core/Src/main.o
 .text._Error_Handler
                0x0800b8e0       0x1c ./Core/Src/main.o
                0x0800b8e0                _Error_Handler
 .text.Error_Handler
                0x0800b8fc       0x10 ./Core/Src/main.o
                0x0800b8fc                Error_Handler
 .text.SystemClock_Config
                0x0800b90c       0x94 ./Core/Src/main.o
                0x0800b90c                SystemClock_Config
 .text.main     0x0800b9a0      0x21c ./Core/Src/main.o
                0x0800b9a0                main
 .text.is_endX_debounce
                0x0800bbbc       0x44 ./Core/Src/motors.o
 .text.is_endY_debounce
                0x0800bc00       0x40 ./Core/Src/motors.o
 .text.soft_start_stop
                0x0800bc40       0xac ./Core/Src/motors.o
 .text.HAL_GPIO_EXTI_Callback
                0x0800bcec      0x20c ./Core/Src/motors.o
 .text.motor_process
                0x0800bef8      0xa78 ./Core/Src/motors.o
                0x0800bef8                motor_process
 .text.HAL_GPIO_EXTI_Rising_Callback
                0x0800c970        0x8 ./Core/Src/motors.o
                0x0800c970                HAL_GPIO_EXTI_Rising_Callback
 .text.HAL_GPIO_EXTI_Falling_Callback
                0x0800c978        0x8 ./Core/Src/motors.o
                0x0800c978                HAL_GPIO_EXTI_Falling_Callback
 .text.timer6_irq
                0x0800c980        0xc ./Core/Src/motors.o
                0x0800c980                timer6_irq
 .text.stm_serial
                0x0800c98c       0x30 ./Core/Src/protection.o
                0x0800c98c                stm_serial
 .text.check_quick
                0x0800c9bc       0x28 ./Core/Src/protection.o
                0x0800c9bc                check_quick
 .text.remote_ctrl_process
                0x0800c9e4      0x66c ./Core/Src/remote.o
                0x0800c9e4                remote_ctrl_process
 .text.leap_year
                0x0800d050       0x34 ./Core/Src/rtc.o
 .text.year_size
                0x0800d084       0x16 ./Core/Src/rtc.o
 .text.IsDst_EU
                0x0800d09a       0x44 ./Core/Src/rtc.o
 .text.IsDst_US
                0x0800d0de       0x38 ./Core/Src/rtc.o
 *fill*         0x0800d116        0x2 
 .text.MX_RTC_Init
                0x0800d118       0x3c ./Core/Src/rtc.o
                0x0800d118                MX_RTC_Init
 .text.HAL_RTC_MspInit
                0x0800d154       0x60 ./Core/Src/rtc.o
                0x0800d154                HAL_RTC_MspInit
 .text.set_rtc  0x0800d1b4       0xa4 ./Core/Src/rtc.o
                0x0800d1b4                set_rtc
 .text.rtc_get  0x0800d258       0x5c ./Core/Src/rtc.o
                0x0800d258                rtc_get
 .text.epoch_to_datetime
                0x0800d2b4       0xa8 ./Core/Src/rtc.o
                0x0800d2b4                epoch_to_datetime
 .text.time_stamp
                0x0800d35c       0x28 ./Core/Src/rtc.o
                0x0800d35c                time_stamp
 .text.set_dst_correction
                0x0800d384       0x84 ./Core/Src/rtc.o
                0x0800d384                set_dst_correction
 .text.get_dst_correction
                0x0800d408       0x80 ./Core/Src/rtc.o
                0x0800d408                get_dst_correction
 .text.__NVIC_SystemReset
                0x0800d488       0x1c ./Core/Src/shell.o
 .text.shell_strcmp
                0x0800d4a4       0x52 ./Core/Src/shell.o
 *fill*         0x0800d4f6        0x2 
 .text.shell_cmdline_init
                0x0800d4f8       0x58 ./Core/Src/shell.o
 .text.shell_cmdline_add
                0x0800d550       0x52 ./Core/Src/shell.o
 *fill*         0x0800d5a2        0x2 
 .text.shell_next_argv
                0x0800d5a4       0x64 ./Core/Src/shell.o
 .text.sh_help  0x0800d608       0x40 ./Core/Src/shell.o
 .text.sh_kd    0x0800d648       0x14 ./Core/Src/shell.o
 .text.sh_stop  0x0800d65c       0x3c ./Core/Src/shell.o
 .text.sh_hang  0x0800d698       0x14 ./Core/Src/shell.o
 .text.sh_ver   0x0800d6ac       0x48 ./Core/Src/shell.o
                0x0800d6ac                sh_ver
 .text.f_result
                0x0800d6f4       0xa0 ./Core/Src/shell.o
                0x0800d6f4                f_result
 .text.shell_getc
                0x0800d794      0x304 ./Core/Src/shell.o
 .text.shell_cmdline_get
                0x0800da98       0x42 ./Core/Src/shell.o
 .text.shell_cmdline_get_prev
                0x0800dada       0x30 ./Core/Src/shell.o
 .text.shell_cmdline_get_next
                0x0800db0a       0x3a ./Core/Src/shell.o
 .text.shell_tabline_get
                0x0800db44       0x28 ./Core/Src/shell.o
 .text.shell_tabline_find
                0x0800db6c       0x64 ./Core/Src/shell.o
 .text.sh_dsp_init
                0x0800dbd0        0x8 ./Core/Src/shell.o
 .text.sh_reboot
                0x0800dbd8       0x1c ./Core/Src/shell.o
 .text.sh_desync
                0x0800dbf4       0x24 ./Core/Src/shell.o
 .text.sh_posy  0x0800dc18       0x54 ./Core/Src/shell.o
 .text.sh_posx  0x0800dc6c       0x54 ./Core/Src/shell.o
 .text.sh_pwmfreq
                0x0800dcc0       0x84 ./Core/Src/shell.o
 .text.sh_maxwm
                0x0800dd44       0x78 ./Core/Src/shell.o
 .text.sh_minpwm
                0x0800ddbc       0x78 ./Core/Src/shell.o
 .text.sh_turnback
                0x0800de34       0xbc ./Core/Src/shell.o
 .text.sh_sundown
                0x0800def0       0x78 ./Core/Src/shell.o
 .text.sh_debounce
                0x0800df68       0x78 ./Core/Src/shell.o
 .text.sh_remote
                0x0800dfe0       0xd0 ./Core/Src/shell.o
 .text.sh_tracking
                0x0800e0b0       0x7c ./Core/Src/shell.o
 .text.sh_pids  0x0800e12c       0x80 ./Core/Src/shell.o
 .text.sh_pidt  0x0800e1ac       0x78 ./Core/Src/shell.o
 .text.sh_ki    0x0800e224       0x78 ./Core/Src/shell.o
 .text.sh_kp    0x0800e29c       0x7c ./Core/Src/shell.o
 .text.sh_hysty
                0x0800e318       0x78 ./Core/Src/shell.o
 .text.sh_hystx
                0x0800e390       0x80 ./Core/Src/shell.o
 .text.sh_stepsy
                0x0800e410       0x80 ./Core/Src/shell.o
 .text.sh_stepsx
                0x0800e490       0x80 ./Core/Src/shell.o
 .text.sh_contrast
                0x0800e510       0x80 ./Core/Src/shell.o
 .text.sh_hours
                0x0800e590       0xb4 ./Core/Src/shell.o
 .text.sh_serial
                0x0800e644       0x60 ./Core/Src/shell.o
 .text.sh_gps_debug
                0x0800e6a4       0x98 ./Core/Src/shell.o
 .text.f_gps    0x0800e73c       0x3c ./Core/Src/shell.o
 .text.sh_inputs
                0x0800e778       0xa0 ./Core/Src/shell.o
 .text.sh_targettime
                0x0800e818      0x204 ./Core/Src/shell.o
 .text.sh_ymin  0x0800ea1c        0x8 ./Core/Src/shell.o
 .text.sh_ymax  0x0800ea24        0x8 ./Core/Src/shell.o
 .text.sh_xmin  0x0800ea2c        0x8 ./Core/Src/shell.o
 .text.sh_xmax  0x0800ea34        0x8 ./Core/Src/shell.o
 .text.sh_save_park
                0x0800ea3c        0x8 ./Core/Src/shell.o
 .text.sh_save_target
                0x0800ea44       0x3c ./Core/Src/shell.o
 .text.sh_save_sun
                0x0800ea80        0x8 ./Core/Src/shell.o
 .text.sh_move_ccw
                0x0800ea88       0x28 ./Core/Src/shell.o
 .text.sh_move_cw
                0x0800eab0       0x28 ./Core/Src/shell.o
 .text.sh_move_down
                0x0800ead8       0x28 ./Core/Src/shell.o
 .text.sh_move_up
                0x0800eb00       0x28 ./Core/Src/shell.o
 .text.sh_follow_sun
                0x0800eb28       0x3c ./Core/Src/shell.o
 .text.sh_set_target
                0x0800eb64       0x90 ./Core/Src/shell.o
 .text.sh_phase
                0x0800ebf4       0x68 ./Core/Src/shell.o
 .text.sh_scan  0x0800ec5c       0x38 ./Core/Src/shell.o
 .text.sh_ee_read
                0x0800ec94       0x74 ./Core/Src/shell.o
 .text.sh_ee_write
                0x0800ed08       0x68 ./Core/Src/shell.o
 .text.sh_windpulse
                0x0800ed70       0xa4 ./Core/Src/shell.o
 .text.sh_factory
                0x0800ee14       0x20 ./Core/Src/shell.o
 .text.printlist
                0x0800ee34       0xdc ./Core/Src/shell.o
 .text.sh_list  0x0800ef10       0x28 ./Core/Src/shell.o
 .text.sh_show  0x0800ef38      0x43c ./Core/Src/shell.o
 .text.sh_time  0x0800f374       0xbc ./Core/Src/shell.o
 .text.shell_cmdline_execute
                0x0800f430       0x64 ./Core/Src/shell.o
 .text.shell_open
                0x0800f494       0x28 ./Core/Src/shell.o
                0x0800f494                shell_open
 .text.shell_process
                0x0800f4bc      0x3e0 ./Core/Src/shell.o
                0x0800f4bc                shell_process
 .text.HAL_MspInit
                0x0800f89c       0x38 ./Core/Src/stm32g0xx_hal_msp.o
                0x0800f89c                HAL_MspInit
 .text.NMI_Handler
                0x0800f8d4        0x2 ./Core/Src/stm32g0xx_it.o
                0x0800f8d4                NMI_Handler
 .text.HardFault_Handler
                0x0800f8d6        0x2 ./Core/Src/stm32g0xx_it.o
                0x0800f8d6                HardFault_Handler
 .text.SVC_Handler
                0x0800f8d8        0x2 ./Core/Src/stm32g0xx_it.o
                0x0800f8d8                SVC_Handler
 .text.PendSV_Handler
                0x0800f8da        0x2 ./Core/Src/stm32g0xx_it.o
                0x0800f8da                PendSV_Handler
 .text.SysTick_Handler
                0x0800f8dc        0xc ./Core/Src/stm32g0xx_it.o
                0x0800f8dc                SysTick_Handler
 .text.EXTI0_1_IRQHandler
                0x0800f8e8       0x10 ./Core/Src/stm32g0xx_it.o
                0x0800f8e8                EXTI0_1_IRQHandler
 .text.EXTI2_3_IRQHandler
                0x0800f8f8       0x10 ./Core/Src/stm32g0xx_it.o
                0x0800f8f8                EXTI2_3_IRQHandler
 .text.EXTI4_15_IRQHandler
                0x0800f908        0xa ./Core/Src/stm32g0xx_it.o
                0x0800f908                EXTI4_15_IRQHandler
 *fill*         0x0800f912        0x2 
 .text.TIM6_DAC_LPTIM1_IRQHandler
                0x0800f914       0x14 ./Core/Src/stm32g0xx_it.o
                0x0800f914                TIM6_DAC_LPTIM1_IRQHandler
 .text.TIM16_FDCAN_IT0_IRQHandler
                0x0800f928       0x1c ./Core/Src/stm32g0xx_it.o
                0x0800f928                TIM16_FDCAN_IT0_IRQHandler
 .text.USART1_IRQHandler
                0x0800f944        0x8 ./Core/Src/stm32g0xx_it.o
                0x0800f944                USART1_IRQHandler
 .text.USART2_LPUART2_IRQHandler
                0x0800f94c        0x8 ./Core/Src/stm32g0xx_it.o
                0x0800f94c                USART2_LPUART2_IRQHandler
 .text.USART3_4_5_6_LPUART1_IRQHandler
                0x0800f954        0x8 ./Core/Src/stm32g0xx_it.o
                0x0800f954                USART3_4_5_6_LPUART1_IRQHandler
 .text.suncalc  0x0800f95c      0x1b8 ./Core/Src/suncalc.o
                0x0800f95c                suncalc
 .text.follow_sun
                0x0800fb14      0x108 ./Core/Src/suncalc.o
                0x0800fb14                follow_sun
 .text.follow_target
                0x0800fc1c       0x84 ./Core/Src/suncalc.o
                0x0800fc1c                follow_target
 .text._getpid  0x0800fca0        0x4 ./Core/Src/syscalls.o
                0x0800fca0                _getpid
 .text._kill    0x0800fca4       0x10 ./Core/Src/syscalls.o
                0x0800fca4                _kill
 .text._exit    0x0800fcb4        0xc ./Core/Src/syscalls.o
                0x0800fcb4                _exit
 .text._read    0x0800fcc0       0x1c ./Core/Src/syscalls.o
                0x0800fcc0                _read
 .text._write   0x0800fcdc       0x1c ./Core/Src/syscalls.o
                0x0800fcdc                _write
 .text._sbrk    0x0800fcf8       0x3c ./Core/Src/syscalls.o
                0x0800fcf8                _sbrk
 .text._close   0x0800fd34        0x6 ./Core/Src/syscalls.o
                0x0800fd34                _close
 .text._fstat   0x0800fd3a        0xa ./Core/Src/syscalls.o
                0x0800fd3a                _fstat
 .text._isatty  0x0800fd44        0x4 ./Core/Src/syscalls.o
                0x0800fd44                _isatty
 .text._lseek   0x0800fd48        0x4 ./Core/Src/syscalls.o
                0x0800fd48                _lseek
 .text.SystemInit
                0x0800fd4c        0x2 ./Core/Src/system_stm32g0xx.o
                0x0800fd4c                SystemInit
 *fill*         0x0800fd4e        0x2 
 .text.MX_TIM6_Init
                0x0800fd50       0x58 ./Core/Src/tim.o
                0x0800fd50                MX_TIM6_Init
 .text.MX_TIM16_Init
                0x0800fda8       0x38 ./Core/Src/tim.o
                0x0800fda8                MX_TIM16_Init
 .text.HAL_TIM_PWM_MspInit
                0x0800fde0       0x70 ./Core/Src/tim.o
                0x0800fde0                HAL_TIM_PWM_MspInit
 .text.HAL_TIM_Base_MspInit
                0x0800fe50       0x6c ./Core/Src/tim.o
                0x0800fe50                HAL_TIM_Base_MspInit
 .text.HAL_TIM_MspPostInit
                0x0800febc       0x88 ./Core/Src/tim.o
                0x0800febc                HAL_TIM_MspPostInit
 .text.MX_TIM1_Init
                0x0800ff44       0xd0 ./Core/Src/tim.o
                0x0800ff44                MX_TIM1_Init
 .text.MX_TIM3_Init
                0x08010014       0x9c ./Core/Src/tim.o
                0x08010014                MX_TIM3_Init
 .text.set_x_pwm
                0x080100b0       0x14 ./Core/Src/tim.o
                0x080100b0                set_x_pwm
 .text.set_y_pwm
                0x080100c4       0x14 ./Core/Src/tim.o
                0x080100c4                set_y_pwm
 .text.set_contrast
                0x080100d8        0xc ./Core/Src/tim.o
                0x080100d8                set_contrast
 .text.new_pwm_freq
                0x080100e4       0x3c ./Core/Src/tim.o
                0x080100e4                new_pwm_freq
 .text.timer_open
                0x08010120       0x28 ./Core/Src/time.o
                0x08010120                timer_open
 .text.timer_callback
                0x08010148       0x58 ./Core/Src/time.o
                0x08010148                timer_callback
 .text.timer_get
                0x080101a0       0x8c ./Core/Src/time.o
                0x080101a0                timer_get
 .text.used_timers
                0x0801022c       0x2c ./Core/Src/time.o
                0x0801022c                used_timers
 .text.timer_free
                0x08010258       0x64 ./Core/Src/time.o
                0x08010258                timer_free
 .text.timer_start
                0x080102bc       0x38 ./Core/Src/time.o
                0x080102bc                timer_start
 .text.timer_elapsed
                0x080102f4       0x1c ./Core/Src/time.o
                0x080102f4                timer_elapsed
 .text.timer_read
                0x08010310       0x14 ./Core/Src/time.o
                0x08010310                timer_read
 .text.__NVIC_SystemReset
                0x08010324       0x1c ./Core/Src/uart_sci.o
 .text.dummy_getch
                0x08010340        0x4 ./Core/Src/uart_sci.o
                0x08010340                dummy_getch
 .text.dummy_putsn
                0x08010344        0x4 ./Core/Src/uart_sci.o
                0x08010344                dummy_putsn
 .text.dummy_putc
                0x08010348        0x4 ./Core/Src/uart_sci.o
                0x08010348                dummy_putc
 .text.isr_handler
                0x0801034c       0xfa ./Core/Src/uart_sci.o
 *fill*         0x08010446        0x2 
 .text.sci_init
                0x08010448       0xc8 ./Core/Src/uart_sci.o
 .text.sci_putc
                0x08010510       0x6c ./Core/Src/uart_sci.o
 .text.sci1_putc
                0x0801057c        0xc ./Core/Src/uart_sci.o
                0x0801057c                sci1_putc
 .text.sci_puts
                0x08010588       0x1e ./Core/Src/uart_sci.o
 .text.sci1_puts
                0x080105a6        0xc ./Core/Src/uart_sci.o
                0x080105a6                sci1_puts
 *fill*         0x080105b2        0x2 
 .text.f_sci1   0x080105b4       0x40 ./Core/Src/uart_sci.o
 .text.sci_putsn
                0x080105f4       0x24 ./Core/Src/uart_sci.o
 .text.sci1_putsn
                0x08010618        0xe ./Core/Src/uart_sci.o
                0x08010618                sci1_putsn
 *fill*         0x08010626        0x2 
 .text.sci_getc
                0x08010628       0x6c ./Core/Src/uart_sci.o
 .text.sci1_getch
                0x08010694        0xc ./Core/Src/uart_sci.o
                0x08010694                sci1_getch
 .text.sci1_printf
                0x080106a0       0x26 ./Core/Src/uart_sci.o
                0x080106a0                sci1_printf
 *fill*         0x080106c6        0x2 
 .text.init_sci
                0x080106c8       0x20 ./Core/Src/uart_sci.o
                0x080106c8                init_sci
 .text.sci1_callback
                0x080106e8       0x10 ./Core/Src/uart_sci.o
                0x080106e8                sci1_callback
 .text.shell_use_sci1
                0x080106f8       0x50 ./Core/Src/uart_sci.o
                0x080106f8                shell_use_sci1
 .text.sci2_callback
                0x08010748       0x10 ./Core/Src/uart_sci.o
                0x08010748                sci2_callback
 .text.sci6_callback
                0x08010758       0x10 ./Core/Src/uart_sci.o
                0x08010758                sci6_callback
 .text.sci6_getch
                0x08010768        0xc ./Core/Src/uart_sci.o
                0x08010768                sci6_getch
 .text.MX_USART1_UART_Init
                0x08010774       0x70 ./Core/Src/usart.o
                0x08010774                MX_USART1_UART_Init
 .text.MX_USART2_UART_Init
                0x080107e4       0x70 ./Core/Src/usart.o
                0x080107e4                MX_USART2_UART_Init
 .text.MX_USART6_UART_Init
                0x08010854       0x3c ./Core/Src/usart.o
                0x08010854                MX_USART6_UART_Init
 .text.HAL_UART_MspInit
                0x08010890      0x15c ./Core/Src/usart.o
                0x08010890                HAL_UART_MspInit
 .text.HAL_UART_MspDeInit
                0x080109ec       0x90 ./Core/Src/usart.o
                0x080109ec                HAL_UART_MspDeInit
 .text.MX_USART2_UART_DeInit
                0x08010a7c       0x10 ./Core/Src/usart.o
                0x08010a7c                MX_USART2_UART_DeInit
 .text.factory  0x08010a8c       0x94 ./Core/Src/vars.o
                0x08010a8c                factory
 .text.init_vars
                0x08010b20      0x190 ./Core/Src/vars.o
                0x08010b20                init_vars
 .text.co2vecz  0x08010cb0      0x2bc ./Core/Src/vector.o
 .text.vecz2co  0x08010f6c      0x254 ./Core/Src/vector.o
 .text.reflection_vector
                0x080111c0       0xd0 ./Core/Src/vector.o
 .text.mirror_vector
                0x08011290       0xcc ./Core/Src/vector.o
 .text.calc_target_pos
                0x0801135c       0xb4 ./Core/Src/vector.o
                0x0801135c                calc_target_pos
 .text.calc_mirror_pos
                0x08011410       0xf4 ./Core/Src/vector.o
                0x08011410                calc_mirror_pos
 .text.Reset_Handler
                0x08011504       0x50 ./Core/Startup/startup_stm32g0b1rctx.o
                0x08011504                Reset_Handler
 .text.Default_Handler
                0x08011554        0x2 ./Core/Startup/startup_stm32g0b1rctx.o
                0x08011554                I2C2_3_IRQHandler
                0x08011554                TIM1_CC_IRQHandler
                0x08011554                ADC1_COMP_IRQHandler
                0x08011554                I2C1_IRQHandler
                0x08011554                TIM7_LPTIM2_IRQHandler
                0x08011554                TIM17_FDCAN_IT1_IRQHandler
                0x08011554                DMA1_Ch4_7_DMA2_Ch1_5_DMAMUX1_OVR_IRQHandler
                0x08011554                RCC_CRS_IRQHandler
                0x08011554                RTC_TAMP_IRQHandler
                0x08011554                SPI1_IRQHandler
                0x08011554                USB_UCPD1_2_IRQHandler
                0x08011554                PVD_VDDIO2_IRQHandler
                0x08011554                DMA1_Channel1_IRQHandler
                0x08011554                Default_Handler
                0x08011554                CEC_IRQHandler
                0x08011554                TIM14_IRQHandler
                0x08011554                TIM15_IRQHandler
                0x08011554                TIM3_TIM4_IRQHandler
                0x08011554                SPI2_3_IRQHandler
                0x08011554                WWDG_IRQHandler
                0x08011554                TIM2_IRQHandler
                0x08011554                DMA1_Channel2_3_IRQHandler
                0x08011554                FLASH_IRQHandler
                0x08011554                TIM1_BRK_UP_TRG_COM_IRQHandler
 *fill*         0x08011556        0x2 
 .text.HAL_InitTick
                0x08011558       0x58 ./Drivers/STM32G0xx_HAL_Driver/Src/stm32g0xx_hal.o
                0x08011558                HAL_InitTick
 .text.HAL_Init
                0x080115b0       0x28 ./Drivers/STM32G0xx_HAL_Driver/Src/stm32g0xx_hal.o
                0x080115b0                HAL_Init
 .text.HAL_IncTick
                0x080115d8       0x18 ./Drivers/STM32G0xx_HAL_Driver/Src/stm32g0xx_hal.o
                0x080115d8                HAL_IncTick
 .text.HAL_GetTick
                0x080115f0        0xc ./Drivers/STM32G0xx_HAL_Driver/Src/stm32g0xx_hal.o
                0x080115f0                HAL_GetTick
 .text.HAL_Delay
                0x080115fc       0x24 ./Drivers/STM32G0xx_HAL_Driver/Src/stm32g0xx_hal.o
                0x080115fc                HAL_Delay
 .text.HAL_SYSCFG_StrobeDBattpinsConfig
                0x08011620       0x18 ./Drivers/STM32G0xx_HAL_Driver/Src/stm32g0xx_hal.o
                0x08011620                HAL_SYSCFG_StrobeDBattpinsConfig
 .text.HAL_ADC_Init
                0x08011638      0x244 ./Drivers/STM32G0xx_HAL_Driver/Src/stm32g0xx_hal_adc.o
                0x08011638                HAL_ADC_Init
 .text.HAL_ADC_PollForConversion
                0x0801187c       0xc0 ./Drivers/STM32G0xx_HAL_Driver/Src/stm32g0xx_hal_adc.o
                0x0801187c                HAL_ADC_PollForConversion
 .text.HAL_ADC_GetValue
                0x0801193c        0x6 ./Drivers/STM32G0xx_HAL_Driver/Src/stm32g0xx_hal_adc.o
                0x0801193c                HAL_ADC_GetValue
 *fill*         0x08011942        0x2 
 .text.HAL_ADC_ConfigChannel
                0x08011944      0x2a0 ./Drivers/STM32G0xx_HAL_Driver/Src/stm32g0xx_hal_adc.o
                0x08011944                HAL_ADC_ConfigChannel
 .text.ADC_ConversionStop
                0x08011be4       0x60 ./Drivers/STM32G0xx_HAL_Driver/Src/stm32g0xx_hal_adc.o
                0x08011be4                ADC_ConversionStop
 .text.ADC_Enable
                0x08011c44       0xcc ./Drivers/STM32G0xx_HAL_Driver/Src/stm32g0xx_hal_adc.o
                0x08011c44                ADC_Enable
 .text.HAL_ADC_Start
                0x08011d10       0x68 ./Drivers/STM32G0xx_HAL_Driver/Src/stm32g0xx_hal_adc.o
                0x08011d10                HAL_ADC_Start
 .text.ADC_Disable
                0x08011d78       0x94 ./Drivers/STM32G0xx_HAL_Driver/Src/stm32g0xx_hal_adc.o
                0x08011d78                ADC_Disable
 .text.HAL_ADC_Stop
                0x08011e0c       0x44 ./Drivers/STM32G0xx_HAL_Driver/Src/stm32g0xx_hal_adc.o
                0x08011e0c                HAL_ADC_Stop
 .text.HAL_ADCEx_Calibration_Start
                0x08011e50      0x178 ./Drivers/STM32G0xx_HAL_Driver/Src/stm32g0xx_hal_adc_ex.o
                0x08011e50                HAL_ADCEx_Calibration_Start
 .text.__NVIC_SetPriority
                0x08011fc8       0x60 ./Drivers/STM32G0xx_HAL_Driver/Src/stm32g0xx_hal_cortex.o
 .text.SysTick_Config
                0x08012028       0x38 ./Drivers/STM32G0xx_HAL_Driver/Src/stm32g0xx_hal_cortex.o
 .text.HAL_NVIC_SetPriority
                0x08012060        0x8 ./Drivers/STM32G0xx_HAL_Driver/Src/stm32g0xx_hal_cortex.o
                0x08012060                HAL_NVIC_SetPriority
 .text.HAL_NVIC_EnableIRQ
                0x08012068       0x18 ./Drivers/STM32G0xx_HAL_Driver/Src/stm32g0xx_hal_cortex.o
                0x08012068                HAL_NVIC_EnableIRQ
 .text.HAL_NVIC_DisableIRQ
                0x08012080       0x20 ./Drivers/STM32G0xx_HAL_Driver/Src/stm32g0xx_hal_cortex.o
                0x08012080                HAL_NVIC_DisableIRQ
 .text.HAL_SYSTICK_Config
                0x080120a0        0x8 ./Drivers/STM32G0xx_HAL_Driver/Src/stm32g0xx_hal_cortex.o
                0x080120a0                HAL_SYSTICK_Config
 .text.CRC_Handle_8
                0x080120a8       0x7a ./Drivers/STM32G0xx_HAL_Driver/Src/stm32g0xx_hal_crc.o
 .text.CRC_Handle_16
                0x08012122       0x30 ./Drivers/STM32G0xx_HAL_Driver/Src/stm32g0xx_hal_crc.o
 *fill*         0x08012152        0x2 
 .text.HAL_CRC_Init
                0x08012154       0x84 ./Drivers/STM32G0xx_HAL_Driver/Src/stm32g0xx_hal_crc.o
                0x08012154                HAL_CRC_Init
 .text.HAL_CRC_Calculate
                0x080121d8       0x50 ./Drivers/STM32G0xx_HAL_Driver/Src/stm32g0xx_hal_crc.o
                0x080121d8                HAL_CRC_Calculate
 .text.HAL_CRCEx_Polynomial_Set
                0x08012228       0x68 ./Drivers/STM32G0xx_HAL_Driver/Src/stm32g0xx_hal_crc_ex.o
                0x08012228                HAL_CRCEx_Polynomial_Set
 .text.FDCAN_CalcultateRamBlockAddresses
                0x08012290       0x7c ./Drivers/STM32G0xx_HAL_Driver/Src/stm32g0xx_hal_fdcan.o
 .text.HAL_FDCAN_Init
                0x0801230c      0x1e4 ./Drivers/STM32G0xx_HAL_Driver/Src/stm32g0xx_hal_fdcan.o
                0x0801230c                HAL_FDCAN_Init
 .text.HAL_FDCAN_TxEventFifoCallback
                0x080124f0        0x2 ./Drivers/STM32G0xx_HAL_Driver/Src/stm32g0xx_hal_fdcan.o
                0x080124f0                HAL_FDCAN_TxEventFifoCallback
 .text.HAL_FDCAN_RxFifo0Callback
                0x080124f2        0x2 ./Drivers/STM32G0xx_HAL_Driver/Src/stm32g0xx_hal_fdcan.o
                0x080124f2                HAL_FDCAN_RxFifo0Callback
 .text.HAL_FDCAN_RxFifo1Callback
                0x080124f4        0x2 ./Drivers/STM32G0xx_HAL_Driver/Src/stm32g0xx_hal_fdcan.o
                0x080124f4                HAL_FDCAN_RxFifo1Callback
 .text.HAL_FDCAN_TxFifoEmptyCallback
                0x080124f6        0x2 ./Drivers/STM32G0xx_HAL_Driver/Src/stm32g0xx_hal_fdcan.o
                0x080124f6                HAL_FDCAN_TxFifoEmptyCallback
 .text.HAL_FDCAN_TxBufferCompleteCallback
                0x080124f8        0x2 ./Drivers/STM32G0xx_HAL_Driver/Src/stm32g0xx_hal_fdcan.o
                0x080124f8                HAL_FDCAN_TxBufferCompleteCallback
 .text.HAL_FDCAN_TxBufferAbortCallback
                0x080124fa        0x2 ./Drivers/STM32G0xx_HAL_Driver/Src/stm32g0xx_hal_fdcan.o
                0x080124fa                HAL_FDCAN_TxBufferAbortCallback
 .text.HAL_FDCAN_TimestampWraparoundCallback
                0x080124fc        0x2 ./Drivers/STM32G0xx_HAL_Driver/Src/stm32g0xx_hal_fdcan.o
                0x080124fc                HAL_FDCAN_TimestampWraparoundCallback
 .text.HAL_FDCAN_TimeoutOccurredCallback
                0x080124fe        0x2 ./Drivers/STM32G0xx_HAL_Driver/Src/stm32g0xx_hal_fdcan.o
                0x080124fe                HAL_FDCAN_TimeoutOccurredCallback
 .text.HAL_FDCAN_HighPriorityMessageCallback
                0x08012500        0x2 ./Drivers/STM32G0xx_HAL_Driver/Src/stm32g0xx_hal_fdcan.o
                0x08012500                HAL_FDCAN_HighPriorityMessageCallback
 .text.HAL_FDCAN_ErrorCallback
                0x08012502        0x2 ./Drivers/STM32G0xx_HAL_Driver/Src/stm32g0xx_hal_fdcan.o
                0x08012502                HAL_FDCAN_ErrorCallback
 .text.HAL_FDCAN_ErrorStatusCallback
                0x08012504        0x2 ./Drivers/STM32G0xx_HAL_Driver/Src/stm32g0xx_hal_fdcan.o
                0x08012504                HAL_FDCAN_ErrorStatusCallback
 .text.HAL_FDCAN_IRQHandler
                0x08012506      0x188 ./Drivers/STM32G0xx_HAL_Driver/Src/stm32g0xx_hal_fdcan.o
                0x08012506                HAL_FDCAN_IRQHandler
 *fill*         0x0801268e        0x2 
 .text.FLASH_Program_DoubleWord
                0x08012690       0x1c ./Drivers/STM32G0xx_HAL_Driver/Src/stm32g0xx_hal_flash.o
 .text.HAL_FLASH_Unlock
                0x080126ac       0x30 ./Drivers/STM32G0xx_HAL_Driver/Src/stm32g0xx_hal_flash.o
                0x080126ac                HAL_FLASH_Unlock
 .text.FLASH_WaitForLastOperation
                0x080126dc       0x70 ./Drivers/STM32G0xx_HAL_Driver/Src/stm32g0xx_hal_flash.o
                0x080126dc                FLASH_WaitForLastOperation
 .text.HAL_FLASH_Program
                0x0801274c       0x64 ./Drivers/STM32G0xx_HAL_Driver/Src/stm32g0xx_hal_flash.o
                0x0801274c                HAL_FLASH_Program
 .text.HAL_FLASH_Lock
                0x080127b0       0x28 ./Drivers/STM32G0xx_HAL_Driver/Src/stm32g0xx_hal_flash.o
                0x080127b0                HAL_FLASH_Lock
 .text.FLASH_MassErase
                0x080127d8       0x14 ./Drivers/STM32G0xx_HAL_Driver/Src/stm32g0xx_hal_flash_ex.o
 .text.FLASH_PageErase
                0x080127ec       0x38 ./Drivers/STM32G0xx_HAL_Driver/Src/stm32g0xx_hal_flash_ex.o
                0x080127ec                FLASH_PageErase
 .text.HAL_FLASHEx_Erase
                0x08012824       0x84 ./Drivers/STM32G0xx_HAL_Driver/Src/stm32g0xx_hal_flash_ex.o
                0x08012824                HAL_FLASHEx_Erase
 .text.HAL_GPIO_Init
                0x080128a8      0x180 ./Drivers/STM32G0xx_HAL_Driver/Src/stm32g0xx_hal_gpio.o
                0x080128a8                HAL_GPIO_Init
 .text.HAL_GPIO_DeInit
                0x08012a28      0x110 ./Drivers/STM32G0xx_HAL_Driver/Src/stm32g0xx_hal_gpio.o
                0x08012a28                HAL_GPIO_DeInit
 .text.HAL_GPIO_ReadPin
                0x08012b38        0xe ./Drivers/STM32G0xx_HAL_Driver/Src/stm32g0xx_hal_gpio.o
                0x08012b38                HAL_GPIO_ReadPin
 .text.HAL_GPIO_WritePin
                0x08012b46        0xc ./Drivers/STM32G0xx_HAL_Driver/Src/stm32g0xx_hal_gpio.o
                0x08012b46                HAL_GPIO_WritePin
 *fill*         0x08012b52        0x2 
 .text.HAL_GPIO_EXTI_IRQHandler
                0x08012b54       0x30 ./Drivers/STM32G0xx_HAL_Driver/Src/stm32g0xx_hal_gpio.o
                0x08012b54                HAL_GPIO_EXTI_IRQHandler
 .text.I2C_Flush_TXDR
                0x08012b84       0x1e ./Drivers/STM32G0xx_HAL_Driver/Src/stm32g0xx_hal_i2c.o
 *fill*         0x08012ba2        0x2 
 .text.I2C_TransferConfig
                0x08012ba4       0x34 ./Drivers/STM32G0xx_HAL_Driver/Src/stm32g0xx_hal_i2c.o
 .text.I2C_IsErrorOccurred
                0x08012bd8      0x118 ./Drivers/STM32G0xx_HAL_Driver/Src/stm32g0xx_hal_i2c.o
 .text.I2C_WaitOnTXISFlagUntilTimeout
                0x08012cf0       0x5a ./Drivers/STM32G0xx_HAL_Driver/Src/stm32g0xx_hal_i2c.o
 .text.I2C_WaitOnFlagUntilTimeout
                0x08012d4a       0x8a ./Drivers/STM32G0xx_HAL_Driver/Src/stm32g0xx_hal_i2c.o
 .text.I2C_RequestMemoryWrite
                0x08012dd4       0x78 ./Drivers/STM32G0xx_HAL_Driver/Src/stm32g0xx_hal_i2c.o
 .text.I2C_RequestMemoryRead
                0x08012e4c       0x74 ./Drivers/STM32G0xx_HAL_Driver/Src/stm32g0xx_hal_i2c.o
 .text.I2C_WaitOnSTOPFlagUntilTimeout
                0x08012ec0       0x5a ./Drivers/STM32G0xx_HAL_Driver/Src/stm32g0xx_hal_i2c.o
 *fill*         0x08012f1a        0x2 
 .text.HAL_I2C_Init
                0x08012f1c       0xdc ./Drivers/STM32G0xx_HAL_Driver/Src/stm32g0xx_hal_i2c.o
                0x08012f1c                HAL_I2C_Init
 .text.HAL_I2C_Mem_Write
                0x08012ff8      0x1a0 ./Drivers/STM32G0xx_HAL_Driver/Src/stm32g0xx_hal_i2c.o
                0x08012ff8                HAL_I2C_Mem_Write
 .text.HAL_I2C_Mem_Read
                0x08013198      0x1a8 ./Drivers/STM32G0xx_HAL_Driver/Src/stm32g0xx_hal_i2c.o
                0x08013198                HAL_I2C_Mem_Read
 .text.HAL_I2C_IsDeviceReady
                0x08013340      0x15c ./Drivers/STM32G0xx_HAL_Driver/Src/stm32g0xx_hal_i2c.o
                0x08013340                HAL_I2C_IsDeviceReady
 .text.HAL_I2CEx_ConfigAnalogFilter
                0x0801349c       0x58 ./Drivers/STM32G0xx_HAL_Driver/Src/stm32g0xx_hal_i2c_ex.o
                0x0801349c                HAL_I2CEx_ConfigAnalogFilter
 .text.HAL_I2CEx_ConfigDigitalFilter
                0x080134f4       0x54 ./Drivers/STM32G0xx_HAL_Driver/Src/stm32g0xx_hal_i2c_ex.o
                0x080134f4                HAL_I2CEx_ConfigDigitalFilter
 .text.HAL_IWDG_Init
                0x08013548       0x68 ./Drivers/STM32G0xx_HAL_Driver/Src/stm32g0xx_hal_iwdg.o
                0x08013548                HAL_IWDG_Init
 .text.HAL_IWDG_Refresh
                0x080135b0       0x10 ./Drivers/STM32G0xx_HAL_Driver/Src/stm32g0xx_hal_iwdg.o
                0x080135b0                HAL_IWDG_Refresh
 .text.HAL_PWR_EnableBkUpAccess
                0x080135c0       0x14 ./Drivers/STM32G0xx_HAL_Driver/Src/stm32g0xx_hal_pwr.o
                0x080135c0                HAL_PWR_EnableBkUpAccess
 .text.HAL_PWREx_ControlVoltageScaling
                0x080135d4       0x54 ./Drivers/STM32G0xx_HAL_Driver/Src/stm32g0xx_hal_pwr_ex.o
                0x080135d4                HAL_PWREx_ControlVoltageScaling
 .text.HAL_RCC_OscConfig
                0x08013628      0x518 ./Drivers/STM32G0xx_HAL_Driver/Src/stm32g0xx_hal_rcc.o
                0x08013628                HAL_RCC_OscConfig
 .text.HAL_RCC_GetSysClockFreq
                0x08013b40       0xb8 ./Drivers/STM32G0xx_HAL_Driver/Src/stm32g0xx_hal_rcc.o
                0x08013b40                HAL_RCC_GetSysClockFreq
 .text.HAL_RCC_ClockConfig
                0x08013bf8      0x18c ./Drivers/STM32G0xx_HAL_Driver/Src/stm32g0xx_hal_rcc.o
                0x08013bf8                HAL_RCC_ClockConfig
 .text.HAL_RCC_GetHCLKFreq
                0x08013d84        0xc ./Drivers/STM32G0xx_HAL_Driver/Src/stm32g0xx_hal_rcc.o
                0x08013d84                HAL_RCC_GetHCLKFreq
 .text.HAL_RCC_GetPCLK1Freq
                0x08013d90       0x28 ./Drivers/STM32G0xx_HAL_Driver/Src/stm32g0xx_hal_rcc.o
                0x08013d90                HAL_RCC_GetPCLK1Freq
 .text.HAL_RCCEx_PeriphCLKConfig
                0x08013db8      0x2fc ./Drivers/STM32G0xx_HAL_Driver/Src/stm32g0xx_hal_rcc_ex.o
                0x08013db8                HAL_RCCEx_PeriphCLKConfig
 .text.HAL_RTC_WaitForSynchro
                0x080140b4       0x34 ./Drivers/STM32G0xx_HAL_Driver/Src/stm32g0xx_hal_rtc.o
                0x080140b4                HAL_RTC_WaitForSynchro
 .text.RTC_EnterInitMode
                0x080140e8       0x46 ./Drivers/STM32G0xx_HAL_Driver/Src/stm32g0xx_hal_rtc.o
                0x080140e8                RTC_EnterInitMode
 *fill*         0x0801412e        0x2 
 .text.RTC_ExitInitMode
                0x08014130       0x50 ./Drivers/STM32G0xx_HAL_Driver/Src/stm32g0xx_hal_rtc.o
                0x08014130                RTC_ExitInitMode
 .text.HAL_RTC_Init
                0x08014180       0xb8 ./Drivers/STM32G0xx_HAL_Driver/Src/stm32g0xx_hal_rtc.o
                0x08014180                HAL_RTC_Init
 .text.RTC_ByteToBcd2
                0x08014238       0x16 ./Drivers/STM32G0xx_HAL_Driver/Src/stm32g0xx_hal_rtc.o
                0x08014238                RTC_ByteToBcd2
 *fill*         0x0801424e        0x2 
 .text.HAL_RTC_SetTime
                0x08014250       0xcc ./Drivers/STM32G0xx_HAL_Driver/Src/stm32g0xx_hal_rtc.o
                0x08014250                HAL_RTC_SetTime
 .text.HAL_RTC_SetDate
                0x0801431c       0xa8 ./Drivers/STM32G0xx_HAL_Driver/Src/stm32g0xx_hal_rtc.o
                0x0801431c                HAL_RTC_SetDate
 .text.RTC_Bcd2ToByte
                0x080143c4       0x14 ./Drivers/STM32G0xx_HAL_Driver/Src/stm32g0xx_hal_rtc.o
                0x080143c4                RTC_Bcd2ToByte
 .text.HAL_RTC_GetTime
                0x080143d8       0x58 ./Drivers/STM32G0xx_HAL_Driver/Src/stm32g0xx_hal_rtc.o
                0x080143d8                HAL_RTC_GetTime
 .text.HAL_RTC_GetDate
                0x08014430       0x48 ./Drivers/STM32G0xx_HAL_Driver/Src/stm32g0xx_hal_rtc.o
                0x08014430                HAL_RTC_GetDate
 .text.TIM_OC1_SetConfig
                0x08014478       0x90 ./Drivers/STM32G0xx_HAL_Driver/Src/stm32g0xx_hal_tim.o
 .text.TIM_OC3_SetConfig
                0x08014508       0x90 ./Drivers/STM32G0xx_HAL_Driver/Src/stm32g0xx_hal_tim.o
 .text.TIM_OC4_SetConfig
                0x08014598       0x74 ./Drivers/STM32G0xx_HAL_Driver/Src/stm32g0xx_hal_tim.o
 .text.TIM_OC5_SetConfig
                0x0801460c       0x6c ./Drivers/STM32G0xx_HAL_Driver/Src/stm32g0xx_hal_tim.o
 .text.TIM_OC6_SetConfig
                0x08014678       0x74 ./Drivers/STM32G0xx_HAL_Driver/Src/stm32g0xx_hal_tim.o
 .text.HAL_TIM_Base_Start_IT
                0x080146ec       0x84 ./Drivers/STM32G0xx_HAL_Driver/Src/stm32g0xx_hal_tim.o
                0x080146ec                HAL_TIM_Base_Start_IT
 .text.HAL_TIM_Base_Stop_IT
                0x08014770       0x38 ./Drivers/STM32G0xx_HAL_Driver/Src/stm32g0xx_hal_tim.o
                0x08014770                HAL_TIM_Base_Stop_IT
 .text.HAL_TIM_PeriodElapsedCallback
                0x080147a8        0x2 ./Drivers/STM32G0xx_HAL_Driver/Src/stm32g0xx_hal_tim.o
                0x080147a8                HAL_TIM_PeriodElapsedCallback
 .text.HAL_TIM_OC_DelayElapsedCallback
                0x080147aa        0x2 ./Drivers/STM32G0xx_HAL_Driver/Src/stm32g0xx_hal_tim.o
                0x080147aa                HAL_TIM_OC_DelayElapsedCallback
 .text.HAL_TIM_IC_CaptureCallback
                0x080147ac        0x2 ./Drivers/STM32G0xx_HAL_Driver/Src/stm32g0xx_hal_tim.o
                0x080147ac                HAL_TIM_IC_CaptureCallback
 .text.HAL_TIM_PWM_PulseFinishedCallback
                0x080147ae        0x2 ./Drivers/STM32G0xx_HAL_Driver/Src/stm32g0xx_hal_tim.o
                0x080147ae                HAL_TIM_PWM_PulseFinishedCallback
 .text.HAL_TIM_TriggerCallback
                0x080147b0        0x2 ./Drivers/STM32G0xx_HAL_Driver/Src/stm32g0xx_hal_tim.o
                0x080147b0                HAL_TIM_TriggerCallback
 *fill*         0x080147b2        0x2 
 .text.HAL_TIM_IRQHandler
                0x080147b4      0x160 ./Drivers/STM32G0xx_HAL_Driver/Src/stm32g0xx_hal_tim.o
                0x080147b4                HAL_TIM_IRQHandler
 .text.TIM_Base_SetConfig
                0x08014914       0xc0 ./Drivers/STM32G0xx_HAL_Driver/Src/stm32g0xx_hal_tim.o
                0x08014914                TIM_Base_SetConfig
 .text.HAL_TIM_Base_Init
                0x080149d4       0x60 ./Drivers/STM32G0xx_HAL_Driver/Src/stm32g0xx_hal_tim.o
                0x080149d4                HAL_TIM_Base_Init
 .text.HAL_TIM_PWM_Init
                0x08014a34       0x60 ./Drivers/STM32G0xx_HAL_Driver/Src/stm32g0xx_hal_tim.o
                0x08014a34                HAL_TIM_PWM_Init
 .text.TIM_OC2_SetConfig
                0x08014a94       0x84 ./Drivers/STM32G0xx_HAL_Driver/Src/stm32g0xx_hal_tim.o
                0x08014a94                TIM_OC2_SetConfig
 .text.HAL_TIM_PWM_ConfigChannel
                0x08014b18      0x144 ./Drivers/STM32G0xx_HAL_Driver/Src/stm32g0xx_hal_tim.o
                0x08014b18                HAL_TIM_PWM_ConfigChannel
 .text.TIM_CCxChannelCmd
                0x08014c5c       0x1a ./Drivers/STM32G0xx_HAL_Driver/Src/stm32g0xx_hal_tim.o
                0x08014c5c                TIM_CCxChannelCmd
 *fill*         0x08014c76        0x2 
 .text.HAL_TIM_PWM_Start
                0x08014c78      0x148 ./Drivers/STM32G0xx_HAL_Driver/Src/stm32g0xx_hal_tim.o
                0x08014c78                HAL_TIM_PWM_Start
 .text.HAL_TIMEx_MasterConfigSynchronization
                0x08014dc0       0x8c ./Drivers/STM32G0xx_HAL_Driver/Src/stm32g0xx_hal_tim_ex.o
                0x08014dc0                HAL_TIMEx_MasterConfigSynchronization
 .text.HAL_TIMEx_ConfigBreakDeadTime
                0x08014e4c       0xc4 ./Drivers/STM32G0xx_HAL_Driver/Src/stm32g0xx_hal_tim_ex.o
                0x08014e4c                HAL_TIMEx_ConfigBreakDeadTime
 .text.HAL_TIMEx_CommutCallback
                0x08014f10        0x2 ./Drivers/STM32G0xx_HAL_Driver/Src/stm32g0xx_hal_tim_ex.o
                0x08014f10                HAL_TIMEx_CommutCallback
 .text.HAL_TIMEx_BreakCallback
                0x08014f12        0x2 ./Drivers/STM32G0xx_HAL_Driver/Src/stm32g0xx_hal_tim_ex.o
                0x08014f12                HAL_TIMEx_BreakCallback
 .text.HAL_TIMEx_Break2Callback
                0x08014f14        0x2 ./Drivers/STM32G0xx_HAL_Driver/Src/stm32g0xx_hal_tim_ex.o
                0x08014f14                HAL_TIMEx_Break2Callback
 *fill*         0x08014f16        0x2 
 .text.UART_EndRxTransfer
                0x08014f18       0x64 ./Drivers/STM32G0xx_HAL_Driver/Src/stm32g0xx_hal_uart.o
 .text.HAL_UART_DeInit
                0x08014f7c       0x42 ./Drivers/STM32G0xx_HAL_Driver/Src/stm32g0xx_hal_uart.o
                0x08014f7c                HAL_UART_DeInit
 *fill*         0x08014fbe        0x2 
 .text.UART_SetConfig
                0x08014fc0      0x3a8 ./Drivers/STM32G0xx_HAL_Driver/Src/stm32g0xx_hal_uart.o
                0x08014fc0                UART_SetConfig
 .text.UART_AdvFeatureConfig
                0x08015368       0xe0 ./Drivers/STM32G0xx_HAL_Driver/Src/stm32g0xx_hal_uart.o
                0x08015368                UART_AdvFeatureConfig
 .text.UART_WaitOnFlagUntilTimeout
                0x08015448       0x9e ./Drivers/STM32G0xx_HAL_Driver/Src/stm32g0xx_hal_uart.o
                0x08015448                UART_WaitOnFlagUntilTimeout
 *fill*         0x080154e6        0x2 
 .text.UART_CheckIdleState
                0x080154e8       0xd4 ./Drivers/STM32G0xx_HAL_Driver/Src/stm32g0xx_hal_uart.o
                0x080154e8                UART_CheckIdleState
 .text.HAL_UART_Init
                0x080155bc       0x70 ./Drivers/STM32G0xx_HAL_Driver/Src/stm32g0xx_hal_uart.o
                0x080155bc                HAL_UART_Init
 .text.UARTEx_SetNbDataToProcess
                0x0801562c       0x50 ./Drivers/STM32G0xx_HAL_Driver/Src/stm32g0xx_hal_uart_ex.o
 .text.HAL_UARTEx_DisableFifoMode
                0x0801567c       0x40 ./Drivers/STM32G0xx_HAL_Driver/Src/stm32g0xx_hal_uart_ex.o
                0x0801567c                HAL_UARTEx_DisableFifoMode
 .text.HAL_UARTEx_SetTxFifoThreshold
                0x080156bc       0x4a ./Drivers/STM32G0xx_HAL_Driver/Src/stm32g0xx_hal_uart_ex.o
                0x080156bc                HAL_UARTEx_SetTxFifoThreshold
 *fill*         0x08015706        0x2 
 .text.HAL_UARTEx_SetRxFifoThreshold
                0x08015708       0x50 ./Drivers/STM32G0xx_HAL_Driver/Src/stm32g0xx_hal_uart_ex.o
                0x08015708                HAL_UARTEx_SetRxFifoThreshold
 .text.bird_calculate
                0x08015758      0x700 ./Drivers/Sampa/bird.o
                0x08015758                bird_calculate
 .text.fourth_order_polynomial
                0x08015e58       0x4c ./Drivers/Sampa/sampa.o
                0x08015e58                fourth_order_polynomial
 .text.moon_mean_longitude
                0x08015ea4       0x5c ./Drivers/Sampa/sampa.o
                0x08015ea4                moon_mean_longitude
 .text.moon_mean_elongation
                0x08015f00       0x5c ./Drivers/Sampa/sampa.o
                0x08015f00                moon_mean_elongation
 .text.sun_mean_anomaly
                0x08015f5c       0x4c ./Drivers/Sampa/sampa.o
                0x08015f5c                sun_mean_anomaly
 .text.moon_mean_anomaly
                0x08015fa8       0x5c ./Drivers/Sampa/sampa.o
                0x08015fa8                moon_mean_anomaly
 .text.moon_latitude_argument
                0x08016004       0x5c ./Drivers/Sampa/sampa.o
                0x08016004                moon_latitude_argument
 .text.moon_periodic_term_summation
                0x08016060      0x1b8 ./Drivers/Sampa/sampa.o
                0x08016060                moon_periodic_term_summation
 .text.moon_longitude_and_latitude
                0x08016218      0x23c ./Drivers/Sampa/sampa.o
                0x08016218                moon_longitude_and_latitude
 .text.moon_earth_distance
                0x08016454       0x20 ./Drivers/Sampa/sampa.o
                0x08016454                moon_earth_distance
 .text.moon_equatorial_horiz_parallax
                0x08016474       0x20 ./Drivers/Sampa/sampa.o
                0x08016474                moon_equatorial_horiz_parallax
 .text.apparent_moon_longitude
                0x08016494        0x8 ./Drivers/Sampa/sampa.o
                0x08016494                apparent_moon_longitude
 .text.angular_distance_sun_moon
                0x0801649c       0x9c ./Drivers/Sampa/sampa.o
                0x0801649c                angular_distance_sun_moon
 .text.sun_disk_radius
                0x08016538       0x24 ./Drivers/Sampa/sampa.o
                0x08016538                sun_disk_radius
 .text.moon_disk_radius
                0x0801655c       0x68 ./Drivers/Sampa/sampa.o
                0x0801655c                moon_disk_radius
 .text.sul_area
                0x080165c4      0x228 ./Drivers/Sampa/sampa.o
                0x080165c4                sul_area
 .text.mpa_calculate
                0x080167ec      0x29c ./Drivers/Sampa/sampa.o
                0x080167ec                mpa_calculate
 .text.estimate_irr
                0x08016a88       0xf8 ./Drivers/Sampa/sampa.o
                0x08016a88                estimate_irr
 .text.sampa_calculate
                0x08016b80       0xea ./Drivers/Sampa/sampa.o
                0x08016b80                sampa_calculate
 *fill*         0x08016c6a        0x2 
 .text.rad2deg  0x08016c6c       0x14 ./Drivers/Sampa/spa.o
                0x08016c6c                rad2deg
 .text.deg2rad  0x08016c80       0x14 ./Drivers/Sampa/spa.o
                0x08016c80                deg2rad
 .text.integer  0x08016c94        0x8 ./Drivers/Sampa/spa.o
                0x08016c94                integer
 .text.limit_degrees
                0x08016c9c       0x54 ./Drivers/Sampa/spa.o
                0x08016c9c                limit_degrees
 .text.limit_degrees180pm
                0x08016cf0       0x7c ./Drivers/Sampa/spa.o
                0x08016cf0                limit_degrees180pm
 .text.limit_degrees180
                0x08016d6c       0x54 ./Drivers/Sampa/spa.o
                0x08016d6c                limit_degrees180
 .text.limit_zero2one
                0x08016dc0       0x44 ./Drivers/Sampa/spa.o
                0x08016dc0                limit_zero2one
 .text.limit_minutes
                0x08016e04       0x50 ./Drivers/Sampa/spa.o
                0x08016e04                limit_minutes
 .text.dayfrac_to_local_hr
                0x08016e54       0x2c ./Drivers/Sampa/spa.o
                0x08016e54                dayfrac_to_local_hr
 .text.third_order_polynomial
                0x08016e80       0x3c ./Drivers/Sampa/spa.o
                0x08016e80                third_order_polynomial
 .text.validate_inputs
                0x08016ebc      0x260 ./Drivers/Sampa/spa.o
                0x08016ebc                validate_inputs
 .text.julian_day
                0x0801711c      0x164 ./Drivers/Sampa/spa.o
                0x0801711c                julian_day
 .text.julian_century
                0x08017280       0x20 ./Drivers/Sampa/spa.o
                0x08017280                julian_century
 .text.julian_ephemeris_day
                0x080172a0       0x20 ./Drivers/Sampa/spa.o
                0x080172a0                julian_ephemeris_day
 .text.julian_ephemeris_century
                0x080172c0       0x20 ./Drivers/Sampa/spa.o
                0x080172c0                julian_ephemeris_century
 .text.julian_ephemeris_millennium
                0x080172e0       0x10 ./Drivers/Sampa/spa.o
                0x080172e0                julian_ephemeris_millennium
 .text.earth_periodic_term_summation
                0x080172f0       0x86 ./Drivers/Sampa/spa.o
                0x080172f0                earth_periodic_term_summation
 *fill*         0x08017376        0x2 
 .text.earth_values
                0x08017378       0x74 ./Drivers/Sampa/spa.o
                0x08017378                earth_values
 .text.earth_heliocentric_longitude
                0x080173ec       0x54 ./Drivers/Sampa/spa.o
                0x080173ec                earth_heliocentric_longitude
 .text.earth_heliocentric_latitude
                0x08017440       0x50 ./Drivers/Sampa/spa.o
                0x08017440                earth_heliocentric_latitude
 .text.earth_radius_vector
                0x08017490       0x4c ./Drivers/Sampa/spa.o
                0x08017490                earth_radius_vector
 .text.geocentric_longitude
                0x080174dc       0x38 ./Drivers/Sampa/spa.o
                0x080174dc                geocentric_longitude
 .text.geocentric_latitude
                0x08017514        0xa ./Drivers/Sampa/spa.o
                0x08017514                geocentric_latitude
 *fill*         0x0801751e        0x2 
 .text.mean_elongation_moon_sun
                0x08017520       0x48 ./Drivers/Sampa/spa.o
                0x08017520                mean_elongation_moon_sun
 .text.mean_anomaly_sun
                0x08017568       0x48 ./Drivers/Sampa/spa.o
                0x08017568                mean_anomaly_sun
 .text.mean_anomaly_moon
                0x080175b0       0x48 ./Drivers/Sampa/spa.o
                0x080175b0                mean_anomaly_moon
 .text.argument_latitude_moon
                0x080175f8       0x48 ./Drivers/Sampa/spa.o
                0x080175f8                argument_latitude_moon
 .text.ascending_longitude_moon
                0x08017640       0x48 ./Drivers/Sampa/spa.o
                0x08017640                ascending_longitude_moon
 .text.xy_term_summation
                0x08017688       0x60 ./Drivers/Sampa/spa.o
                0x08017688                xy_term_summation
 .text.nutation_longitude_and_obliquity
                0x080176e8      0x118 ./Drivers/Sampa/spa.o
                0x080176e8                nutation_longitude_and_obliquity
 .text.ecliptic_mean_obliquity
                0x08017800      0x108 ./Drivers/Sampa/spa.o
                0x08017800                ecliptic_mean_obliquity
 .text.ecliptic_true_obliquity
                0x08017908       0x20 ./Drivers/Sampa/spa.o
                0x08017908                ecliptic_true_obliquity
 .text.aberration_correction
                0x08017928       0x24 ./Drivers/Sampa/spa.o
                0x08017928                aberration_correction
 .text.apparent_sun_longitude
                0x0801794c       0x10 ./Drivers/Sampa/spa.o
                0x0801794c                apparent_sun_longitude
 .text.greenwich_mean_sidereal_time
                0x0801795c       0x90 ./Drivers/Sampa/spa.o
                0x0801795c                greenwich_mean_sidereal_time
 .text.greenwich_sidereal_time
                0x080179ec       0x28 ./Drivers/Sampa/spa.o
                0x080179ec                greenwich_sidereal_time
 .text.geocentric_right_ascension
                0x08017a14       0x94 ./Drivers/Sampa/spa.o
                0x08017a14                geocentric_right_ascension
 .text.geocentric_declination
                0x08017aa8       0x94 ./Drivers/Sampa/spa.o
                0x08017aa8                geocentric_declination
 .text.observer_hour_angle
                0x08017b3c       0x14 ./Drivers/Sampa/spa.o
                0x08017b3c                observer_hour_angle
 .text.sun_equatorial_horizontal_parallax
                0x08017b50       0x24 ./Drivers/Sampa/spa.o
                0x08017b50                sun_equatorial_horizontal_parallax
 .text.right_ascension_parallax_and_topocentric_dec
                0x08017b74      0x1a4 ./Drivers/Sampa/spa.o
                0x08017b74                right_ascension_parallax_and_topocentric_dec
 .text.topocentric_right_ascension
                0x08017d18        0x8 ./Drivers/Sampa/spa.o
                0x08017d18                topocentric_right_ascension
 .text.topocentric_local_hour_angle
                0x08017d20        0x8 ./Drivers/Sampa/spa.o
                0x08017d20                topocentric_local_hour_angle
 .text.topocentric_elevation_angle
                0x08017d28       0x94 ./Drivers/Sampa/spa.o
                0x08017d28                topocentric_elevation_angle
 .text.atmospheric_refraction_correction
                0x08017dbc       0xe8 ./Drivers/Sampa/spa.o
                0x08017dbc                atmospheric_refraction_correction
 .text.topocentric_elevation_angle_corrected
                0x08017ea4        0x8 ./Drivers/Sampa/spa.o
                0x08017ea4                topocentric_elevation_angle_corrected
 .text.topocentric_zenith_angle
                0x08017eac       0x14 ./Drivers/Sampa/spa.o
                0x08017eac                topocentric_zenith_angle
 .text.topocentric_azimuth_angle_astro
                0x08017ec0       0x94 ./Drivers/Sampa/spa.o
                0x08017ec0                topocentric_azimuth_angle_astro
 .text.topocentric_azimuth_angle
                0x08017f54       0x14 ./Drivers/Sampa/spa.o
                0x08017f54                topocentric_azimuth_angle
 .text.surface_incidence_angle
                0x08017f68       0x9c ./Drivers/Sampa/spa.o
                0x08017f68                surface_incidence_angle
 .text.sun_mean_longitude
                0x08018004       0x8c ./Drivers/Sampa/spa.o
                0x08018004                sun_mean_longitude
 .text.eot      0x08018090       0x54 ./Drivers/Sampa/spa.o
                0x08018090                eot
 .text.approx_sun_transit_time
                0x080180e4       0x1c ./Drivers/Sampa/spa.o
                0x080180e4                approx_sun_transit_time
 .text.sun_hour_angle_at_rise_set
                0x08018100       0xc0 ./Drivers/Sampa/spa.o
                0x08018100                sun_hour_angle_at_rise_set
 .text.approx_sun_rise_and_set
                0x080181c0       0x64 ./Drivers/Sampa/spa.o
                0x080181c0                approx_sun_rise_and_set
 .text.rts_alpha_delta_prime
                0x08018224       0xcc ./Drivers/Sampa/spa.o
                0x08018224                rts_alpha_delta_prime
 .text.rts_sun_altitude
                0x080182f0       0x94 ./Drivers/Sampa/spa.o
                0x080182f0                rts_sun_altitude
 .text.sun_rise_and_set
                0x08018384       0xa0 ./Drivers/Sampa/spa.o
                0x08018384                sun_rise_and_set
 .text.calculate_geocentric_sun_right_ascension_and_declination
                0x08018424      0x232 ./Drivers/Sampa/spa.o
                0x08018424                calculate_geocentric_sun_right_ascension_and_declination
 *fill*         0x08018656        0x2 
 .text.calculate_eot_and_sun_rise_transit_set
                0x08018658      0x338 ./Drivers/Sampa/spa.o
                0x08018658                calculate_eot_and_sun_rise_transit_set
 .text.spa_calculate
                0x08018990      0x22c ./Drivers/Sampa/spa.o
                0x08018990                spa_calculate
 .text.atoi     0x08018bbc        0xc C:/ST/STM32CubeIDE/STM32CubeIDE/plugins/com.st.stm32cube.ide.mcu.externaltools.gnu-tools-for-stm32.13.3.rel1.win32_1.0.0.202411081344/tools/bin/../lib/gcc/arm-none-eabi/13.3.1/../../../../arm-none-eabi/lib/thumb/v6-m/nofp\libc_nano.a(libc_a-atoi.o)
                0x08018bbc                atoi
 .text.malloc   0x08018bc8       0x14 C:/ST/STM32CubeIDE/STM32CubeIDE/plugins/com.st.stm32cube.ide.mcu.externaltools.gnu-tools-for-stm32.13.3.rel1.win32_1.0.0.202411081344/tools/bin/../lib/gcc/arm-none-eabi/13.3.1/../../../../arm-none-eabi/lib/thumb/v6-m/nofp\libc_nano.a(libc_a-malloc.o)
                0x08018bc8                malloc
 .text.free     0x08018bdc       0x14 C:/ST/STM32CubeIDE/STM32CubeIDE/plugins/com.st.stm32cube.ide.mcu.externaltools.gnu-tools-for-stm32.13.3.rel1.win32_1.0.0.202411081344/tools/bin/../lib/gcc/arm-none-eabi/13.3.1/../../../../arm-none-eabi/lib/thumb/v6-m/nofp\libc_nano.a(libc_a-malloc.o)
                0x08018bdc                free
 .text.sbrk_aligned
                0x08018bf0       0x44 C:/ST/STM32CubeIDE/STM32CubeIDE/plugins/com.st.stm32cube.ide.mcu.externaltools.gnu-tools-for-stm32.13.3.rel1.win32_1.0.0.202411081344/tools/bin/../lib/gcc/arm-none-eabi/13.3.1/../../../../arm-none-eabi/lib/thumb/v6-m/nofp\libc_nano.a(libc_a-mallocr.o)
 .text._malloc_r
                0x08018c34      0x100 C:/ST/STM32CubeIDE/STM32CubeIDE/plugins/com.st.stm32cube.ide.mcu.externaltools.gnu-tools-for-stm32.13.3.rel1.win32_1.0.0.202411081344/tools/bin/../lib/gcc/arm-none-eabi/13.3.1/../../../../arm-none-eabi/lib/thumb/v6-m/nofp\libc_nano.a(libc_a-mallocr.o)
                0x08018c34                _malloc_r
 .text.__malloc_lock
                0x08018d34       0x10 C:/ST/STM32CubeIDE/STM32CubeIDE/plugins/com.st.stm32cube.ide.mcu.externaltools.gnu-tools-for-stm32.13.3.rel1.win32_1.0.0.202411081344/tools/bin/../lib/gcc/arm-none-eabi/13.3.1/../../../../arm-none-eabi/lib/thumb/v6-m/nofp\libc_nano.a(libc_a-mlock.o)
                0x08018d34                __malloc_lock
 .text.__malloc_unlock
                0x08018d44       0x10 C:/ST/STM32CubeIDE/STM32CubeIDE/plugins/com.st.stm32cube.ide.mcu.externaltools.gnu-tools-for-stm32.13.3.rel1.win32_1.0.0.202411081344/tools/bin/../lib/gcc/arm-none-eabi/13.3.1/../../../../arm-none-eabi/lib/thumb/v6-m/nofp\libc_nano.a(libc_a-mlock.o)
                0x08018d44                __malloc_unlock
 .text._strtol_l.isra.0
                0x08018d54      0x114 C:/ST/STM32CubeIDE/STM32CubeIDE/plugins/com.st.stm32cube.ide.mcu.externaltools.gnu-tools-for-stm32.13.3.rel1.win32_1.0.0.202411081344/tools/bin/../lib/gcc/arm-none-eabi/13.3.1/../../../../arm-none-eabi/lib/thumb/v6-m/nofp\libc_nano.a(libc_a-strtol.o)
 .text.strtol   0x08018e68       0x18 C:/ST/STM32CubeIDE/STM32CubeIDE/plugins/com.st.stm32cube.ide.mcu.externaltools.gnu-tools-for-stm32.13.3.rel1.win32_1.0.0.202411081344/tools/bin/../lib/gcc/arm-none-eabi/13.3.1/../../../../arm-none-eabi/lib/thumb/v6-m/nofp\libc_nano.a(libc_a-strtol.o)
                0x08018e68                strtol
 .text.__cvt    0x08018e80       0xcc C:/ST/STM32CubeIDE/STM32CubeIDE/plugins/com.st.stm32cube.ide.mcu.externaltools.gnu-tools-for-stm32.13.3.rel1.win32_1.0.0.202411081344/tools/bin/../lib/gcc/arm-none-eabi/13.3.1/../../../../arm-none-eabi/lib/thumb/v6-m/nofp\libc_nano.a(libc_a-nano-vfprintf_float.o)
                0x08018e80                __cvt
 .text.__exponent
                0x08018f4c       0x7e C:/ST/STM32CubeIDE/STM32CubeIDE/plugins/com.st.stm32cube.ide.mcu.externaltools.gnu-tools-for-stm32.13.3.rel1.win32_1.0.0.202411081344/tools/bin/../lib/gcc/arm-none-eabi/13.3.1/../../../../arm-none-eabi/lib/thumb/v6-m/nofp\libc_nano.a(libc_a-nano-vfprintf_float.o)
                0x08018f4c                __exponent
 *fill*         0x08018fca        0x2 
 .text._printf_float
                0x08018fcc      0x47c C:/ST/STM32CubeIDE/STM32CubeIDE/plugins/com.st.stm32cube.ide.mcu.externaltools.gnu-tools-for-stm32.13.3.rel1.win32_1.0.0.202411081344/tools/bin/../lib/gcc/arm-none-eabi/13.3.1/../../../../arm-none-eabi/lib/thumb/v6-m/nofp\libc_nano.a(libc_a-nano-vfprintf_float.o)
                0x08018fcc                _printf_float
 .text._printf_common
                0x08019448       0xde C:/ST/STM32CubeIDE/STM32CubeIDE/plugins/com.st.stm32cube.ide.mcu.externaltools.gnu-tools-for-stm32.13.3.rel1.win32_1.0.0.202411081344/tools/bin/../lib/gcc/arm-none-eabi/13.3.1/../../../../arm-none-eabi/lib/thumb/v6-m/nofp\libc_nano.a(libc_a-nano-vfprintf_i.o)
                0x08019448                _printf_common
 *fill*         0x08019526        0x2 
 .text._printf_i
                0x08019528      0x218 C:/ST/STM32CubeIDE/STM32CubeIDE/plugins/com.st.stm32cube.ide.mcu.externaltools.gnu-tools-for-stm32.13.3.rel1.win32_1.0.0.202411081344/tools/bin/../lib/gcc/arm-none-eabi/13.3.1/../../../../arm-none-eabi/lib/thumb/v6-m/nofp\libc_nano.a(libc_a-nano-vfprintf_i.o)
                0x08019528                _printf_i
 .text.std      0x08019740       0x6c C:/ST/STM32CubeIDE/STM32CubeIDE/plugins/com.st.stm32cube.ide.mcu.externaltools.gnu-tools-for-stm32.13.3.rel1.win32_1.0.0.202411081344/tools/bin/../lib/gcc/arm-none-eabi/13.3.1/../../../../arm-none-eabi/lib/thumb/v6-m/nofp\libc_nano.a(libc_a-findfp.o)
 .text.stdio_exit_handler
                0x080197ac       0x1c C:/ST/STM32CubeIDE/STM32CubeIDE/plugins/com.st.stm32cube.ide.mcu.externaltools.gnu-tools-for-stm32.13.3.rel1.win32_1.0.0.202411081344/tools/bin/../lib/gcc/arm-none-eabi/13.3.1/../../../../arm-none-eabi/lib/thumb/v6-m/nofp\libc_nano.a(libc_a-findfp.o)
 .text.cleanup_stdio
                0x080197c8       0x3c C:/ST/STM32CubeIDE/STM32CubeIDE/plugins/com.st.stm32cube.ide.mcu.externaltools.gnu-tools-for-stm32.13.3.rel1.win32_1.0.0.202411081344/tools/bin/../lib/gcc/arm-none-eabi/13.3.1/../../../../arm-none-eabi/lib/thumb/v6-m/nofp\libc_nano.a(libc_a-findfp.o)
 .text.global_stdio_init.part.0
                0x08019804       0x3c C:/ST/STM32CubeIDE/STM32CubeIDE/plugins/com.st.stm32cube.ide.mcu.externaltools.gnu-tools-for-stm32.13.3.rel1.win32_1.0.0.202411081344/tools/bin/../lib/gcc/arm-none-eabi/13.3.1/../../../../arm-none-eabi/lib/thumb/v6-m/nofp\libc_nano.a(libc_a-findfp.o)
 .text.__sfp_lock_acquire
                0x08019840       0x10 C:/ST/STM32CubeIDE/STM32CubeIDE/plugins/com.st.stm32cube.ide.mcu.externaltools.gnu-tools-for-stm32.13.3.rel1.win32_1.0.0.202411081344/tools/bin/../lib/gcc/arm-none-eabi/13.3.1/../../../../arm-none-eabi/lib/thumb/v6-m/nofp\libc_nano.a(libc_a-findfp.o)
                0x08019840                __sfp_lock_acquire
 .text.__sfp_lock_release
                0x08019850       0x10 C:/ST/STM32CubeIDE/STM32CubeIDE/plugins/com.st.stm32cube.ide.mcu.externaltools.gnu-tools-for-stm32.13.3.rel1.win32_1.0.0.202411081344/tools/bin/../lib/gcc/arm-none-eabi/13.3.1/../../../../arm-none-eabi/lib/thumb/v6-m/nofp\libc_nano.a(libc_a-findfp.o)
                0x08019850                __sfp_lock_release
 .text.__sinit  0x08019860       0x30 C:/ST/STM32CubeIDE/STM32CubeIDE/plugins/com.st.stm32cube.ide.mcu.externaltools.gnu-tools-for-stm32.13.3.rel1.win32_1.0.0.202411081344/tools/bin/../lib/gcc/arm-none-eabi/13.3.1/../../../../arm-none-eabi/lib/thumb/v6-m/nofp\libc_nano.a(libc_a-findfp.o)
                0x08019860                __sinit
 .text._fwalk_sglue
                0x08019890       0x38 C:/ST/STM32CubeIDE/STM32CubeIDE/plugins/com.st.stm32cube.ide.mcu.externaltools.gnu-tools-for-stm32.13.3.rel1.win32_1.0.0.202411081344/tools/bin/../lib/gcc/arm-none-eabi/13.3.1/../../../../arm-none-eabi/lib/thumb/v6-m/nofp\libc_nano.a(libc_a-fwalk.o)
                0x08019890                _fwalk_sglue
 .text.printf   0x080198c8       0x20 C:/ST/STM32CubeIDE/STM32CubeIDE/plugins/com.st.stm32cube.ide.mcu.externaltools.gnu-tools-for-stm32.13.3.rel1.win32_1.0.0.202411081344/tools/bin/../lib/gcc/arm-none-eabi/13.3.1/../../../../arm-none-eabi/lib/thumb/v6-m/nofp\libc_nano.a(libc_a-printf.o)
                0x080198c8                iprintf
                0x080198c8                printf
 .text._puts_r  0x080198e8       0xac C:/ST/STM32CubeIDE/STM32CubeIDE/plugins/com.st.stm32cube.ide.mcu.externaltools.gnu-tools-for-stm32.13.3.rel1.win32_1.0.0.202411081344/tools/bin/../lib/gcc/arm-none-eabi/13.3.1/../../../../arm-none-eabi/lib/thumb/v6-m/nofp\libc_nano.a(libc_a-puts.o)
                0x080198e8                _puts_r
 .text.puts     0x08019994       0x14 C:/ST/STM32CubeIDE/STM32CubeIDE/plugins/com.st.stm32cube.ide.mcu.externaltools.gnu-tools-for-stm32.13.3.rel1.win32_1.0.0.202411081344/tools/bin/../lib/gcc/arm-none-eabi/13.3.1/../../../../arm-none-eabi/lib/thumb/v6-m/nofp\libc_nano.a(libc_a-puts.o)
                0x08019994                puts
 .text.snprintf
                0x080199a8       0x6c C:/ST/STM32CubeIDE/STM32CubeIDE/plugins/com.st.stm32cube.ide.mcu.externaltools.gnu-tools-for-stm32.13.3.rel1.win32_1.0.0.202411081344/tools/bin/../lib/gcc/arm-none-eabi/13.3.1/../../../../arm-none-eabi/lib/thumb/v6-m/nofp\libc_nano.a(libc_a-snprintf.o)
                0x080199a8                sniprintf
                0x080199a8                snprintf
 .text.__sread  0x08019a14       0x28 C:/ST/STM32CubeIDE/STM32CubeIDE/plugins/com.st.stm32cube.ide.mcu.externaltools.gnu-tools-for-stm32.13.3.rel1.win32_1.0.0.202411081344/tools/bin/../lib/gcc/arm-none-eabi/13.3.1/../../../../arm-none-eabi/lib/thumb/v6-m/nofp\libc_nano.a(libc_a-stdio.o)
                0x08019a14                __sread
 .text.__swrite
                0x08019a3c       0x38 C:/ST/STM32CubeIDE/STM32CubeIDE/plugins/com.st.stm32cube.ide.mcu.externaltools.gnu-tools-for-stm32.13.3.rel1.win32_1.0.0.202411081344/tools/bin/../lib/gcc/arm-none-eabi/13.3.1/../../../../arm-none-eabi/lib/thumb/v6-m/nofp\libc_nano.a(libc_a-stdio.o)
                0x08019a3c                __swrite
 .text.__sseek  0x08019a74       0x2c C:/ST/STM32CubeIDE/STM32CubeIDE/plugins/com.st.stm32cube.ide.mcu.externaltools.gnu-tools-for-stm32.13.3.rel1.win32_1.0.0.202411081344/tools/bin/../lib/gcc/arm-none-eabi/13.3.1/../../../../arm-none-eabi/lib/thumb/v6-m/nofp\libc_nano.a(libc_a-stdio.o)
                0x08019a74                __sseek
 .text.__sclose
                0x08019aa0        0xc C:/ST/STM32CubeIDE/STM32CubeIDE/plugins/com.st.stm32cube.ide.mcu.externaltools.gnu-tools-for-stm32.13.3.rel1.win32_1.0.0.202411081344/tools/bin/../lib/gcc/arm-none-eabi/13.3.1/../../../../arm-none-eabi/lib/thumb/v6-m/nofp\libc_nano.a(libc_a-stdio.o)
                0x08019aa0                __sclose
 .text._vsnprintf_r
                0x08019aac       0x5a C:/ST/STM32CubeIDE/STM32CubeIDE/plugins/com.st.stm32cube.ide.mcu.externaltools.gnu-tools-for-stm32.13.3.rel1.win32_1.0.0.202411081344/tools/bin/../lib/gcc/arm-none-eabi/13.3.1/../../../../arm-none-eabi/lib/thumb/v6-m/nofp\libc_nano.a(libc_a-vsnprintf.o)